[2023-10-14 02:13:42.971] [info] cache capacity: 0
[2023-10-14 02:13:42.972] [info] cache insert 0
[2023-10-14 02:13:42.972] [info] read page 0 from disk
[2023-10-14 02:13:42.972] [info] cache capacity: 1
[2023-10-14 02:13:42.972] [info] cache insert 1
[2023-10-14 02:13:42.972] [info] read page 1 from disk
[2023-10-14 02:13:42.972] [info] cache capacity: 2
[2023-10-14 02:13:42.972] [info] cache insert 2
[2023-10-14 02:13:42.972] [info] read page 2 from disk
[2023-10-14 02:13:42.972] [info] cache capacity: 3
[2023-10-14 02:13:42.972] [info] cache insert 3
[2023-10-14 02:13:42.972] [info] read page 3 from disk
[2023-10-14 02:13:42.972] [info] cache capacity: 4
[2023-10-14 02:13:42.972] [info] cache insert 4
[2023-10-14 02:13:42.972] [info] read page 4 from disk
[2023-10-14 02:13:42.972] [info] cache capacity: 5
[2023-10-14 02:13:42.972] [info] cache insert 5
[2023-10-14 02:13:42.972] [info] read page 5 from disk
[2023-10-14 02:13:42.972] [info] cache capacity: 6
[2023-10-14 02:13:42.972] [info] cache insert 6
[2023-10-14 02:13:42.972] [info] read page 6 from disk
[2023-10-14 02:13:42.972] [info] cache capacity: 7
[2023-10-14 02:13:42.972] [info] cache insert 7
[2023-10-14 02:13:42.972] [info] read page 7 from disk
[2023-10-14 02:13:42.972] [info] cache capacity: 8
[2023-10-14 02:13:42.972] [info] cache insert 8
[2023-10-14 02:13:42.972] [info] read page 8 from disk
[2023-10-14 02:13:42.972] [info] cache capacity: 9
[2023-10-14 02:13:42.972] [info] cache insert 9
[2023-10-14 02:13:42.972] [info] read page 9 from disk
[2023-10-14 02:13:42.972] [info] cache capacity: 10
[2023-10-14 02:13:42.972] [info] cache insert 10
[2023-10-14 02:13:42.972] [info] read page 10 from disk
[2023-10-14 02:13:42.972] [info] cache capacity: 11
[2023-10-14 02:13:42.973] [info] cache insert 11
[2023-10-14 02:13:42.973] [info] read page 11 from disk
[2023-10-14 02:13:42.973] [info] cache capacity: 12
[2023-10-14 02:13:42.973] [info] cache insert 12
[2023-10-14 02:13:42.973] [info] read page 12 from disk
[2023-10-14 02:13:42.973] [info] cache capacity: 13
[2023-10-14 02:13:42.973] [info] cache insert 13
[2023-10-14 02:13:42.973] [info] read page 13 from disk
[2023-10-14 02:13:42.973] [info] cache capacity: 14
[2023-10-14 02:13:42.973] [info] cache insert 14
[2023-10-14 02:13:42.973] [info] read page 14 from disk
[2023-10-14 02:13:42.973] [info] cache capacity: 15
[2023-10-14 02:13:42.973] [info] cache insert 15
[2023-10-14 02:13:42.973] [info] read page 15 from disk
[2023-10-14 02:13:42.973] [info] cache capacity: 16
[2023-10-14 02:13:42.973] [info] cache insert 16
[2023-10-14 02:13:42.973] [info] read page 16 from disk
[2023-10-14 02:13:42.973] [info] cache capacity: 17
[2023-10-14 02:13:42.973] [info] cache insert 17
[2023-10-14 02:13:42.973] [info] read page 17 from disk
[2023-10-14 02:13:42.973] [info] cache capacity: 18
[2023-10-14 02:13:42.973] [info] cache insert 18
[2023-10-14 02:13:42.973] [info] read page 18 from disk
[2023-10-14 02:13:42.973] [info] cache capacity: 19
[2023-10-14 02:13:42.973] [info] cache insert 19
[2023-10-14 02:13:42.973] [info] read page 19 from disk
[2023-10-14 02:13:42.973] [info] cache capacity: 20
[2023-10-14 02:13:42.973] [info] cache remove 0
[2023-10-14 02:13:42.973] [info] cache insert 20
[2023-10-14 02:13:42.973] [info] read page 20 from disk
[2023-10-14 02:13:42.973] [info] cache capacity: 20
[2023-10-14 02:13:42.973] [info] cache remove 1
[2023-10-14 02:13:42.973] [info] cache insert 21
[2023-10-14 02:13:42.973] [info] read page 21 from disk
[2023-10-14 02:13:42.973] [info] cache capacity: 20
[2023-10-14 02:13:42.973] [info] cache remove 2
[2023-10-14 02:13:42.974] [info] cache insert 22
[2023-10-14 02:13:42.974] [info] read page 22 from disk
[2023-10-14 02:13:42.974] [info] cache capacity: 20
[2023-10-14 02:13:42.974] [info] cache remove 3
[2023-10-14 02:13:42.974] [info] cache insert 23
[2023-10-14 02:13:42.974] [info] read page 23 from disk
[2023-10-14 02:13:42.974] [info] cache capacity: 20
[2023-10-14 02:13:42.974] [info] cache remove 4
[2023-10-14 02:13:42.974] [info] cache insert 24
[2023-10-14 02:13:42.974] [info] read page 24 from disk
[2023-10-14 02:13:42.974] [info] cache capacity: 20
[2023-10-14 02:13:42.974] [info] cache remove 5
[2023-10-14 02:13:42.974] [info] cache insert 25
[2023-10-14 02:13:42.974] [info] read page 25 from disk
[2023-10-14 02:13:42.974] [info] cache capacity: 20
[2023-10-14 02:13:42.974] [info] cache remove 6
[2023-10-14 02:13:42.974] [info] cache insert 26
[2023-10-14 02:13:42.974] [info] read page 26 from disk
[2023-10-14 02:13:42.974] [info] cache capacity: 20
[2023-10-14 02:13:42.974] [info] cache remove 7
[2023-10-14 02:13:42.974] [info] cache insert 27
[2023-10-14 02:13:42.974] [info] read page 27 from disk
[2023-10-14 02:13:42.974] [info] cache capacity: 20
[2023-10-14 02:13:42.974] [info] cache remove 8
[2023-10-14 02:13:42.974] [info] cache insert 28
[2023-10-14 02:13:42.974] [info] read page 28 from disk
[2023-10-14 02:13:42.974] [info] cache capacity: 20
[2023-10-14 02:13:42.974] [info] cache remove 9
[2023-10-14 02:13:42.974] [info] cache insert 29
[2023-10-14 02:13:42.974] [info] read page 29 from disk
[2023-10-14 02:13:42.974] [info] cache capacity: 20
[2023-10-14 02:13:42.975] [info] cache remove 10
[2023-10-14 02:13:42.975] [info] cache insert 30
[2023-10-14 02:13:42.975] [info] read page 30 from disk
[2023-10-14 02:13:42.975] [info] cache capacity: 20
[2023-10-14 02:13:42.975] [info] cache remove 11
[2023-10-14 02:13:42.975] [info] cache insert 31
[2023-10-14 02:13:42.975] [info] read page 31 from disk
[2023-10-14 02:13:42.975] [info] cache capacity: 20
[2023-10-14 02:13:42.975] [info] cache remove 12
[2023-10-14 02:13:42.975] [info] cache insert 32
[2023-10-14 02:13:42.975] [info] read page 32 from disk
[2023-10-14 02:13:42.975] [info] cache capacity: 20
[2023-10-14 02:13:42.975] [info] cache remove 13
[2023-10-14 02:13:42.975] [info] cache insert 33
[2023-10-14 02:13:42.975] [info] read page 33 from disk
[2023-10-14 02:13:42.975] [info] cache capacity: 20
[2023-10-14 02:13:42.975] [info] cache remove 14
[2023-10-14 02:13:42.975] [info] cache insert 34
[2023-10-14 02:13:42.975] [info] read page 34 from disk
[2023-10-14 02:13:42.975] [info] cache capacity: 20
[2023-10-14 02:13:42.975] [info] cache remove 15
[2023-10-14 02:13:42.975] [info] cache insert 35
[2023-10-14 02:13:42.975] [info] read page 35 from disk
[2023-10-14 02:13:42.975] [info] cache capacity: 20
[2023-10-14 02:13:42.975] [info] cache remove 16
[2023-10-14 02:13:42.975] [info] cache insert 36
[2023-10-14 02:13:42.975] [info] read page 36 from disk
[2023-10-14 02:13:42.975] [info] cache capacity: 20
[2023-10-14 02:13:42.975] [info] cache remove 17
[2023-10-14 02:13:42.975] [info] cache insert 37
[2023-10-14 02:13:42.975] [info] read page 37 from disk
[2023-10-14 02:13:42.975] [info] cache capacity: 20
[2023-10-14 02:13:42.975] [info] cache remove 18
[2023-10-14 02:13:42.975] [info] cache insert 38
[2023-10-14 02:13:42.975] [info] read page 38 from disk
[2023-10-14 02:13:42.975] [info] cache capacity: 20
[2023-10-14 02:13:42.975] [info] cache remove 19
[2023-10-14 02:13:42.976] [info] cache insert 39
[2023-10-14 02:13:42.976] [info] read page 39 from disk
[2023-10-14 02:13:42.976] [info] cache capacity: 20
[2023-10-14 02:13:42.976] [info] cache remove 20
[2023-10-14 02:13:42.976] [info] cache insert 40
[2023-10-14 02:13:42.976] [info] read page 40 from disk
[2023-10-14 02:13:42.976] [info] cache capacity: 20
[2023-10-14 02:13:42.976] [info] cache remove 21
[2023-10-14 02:13:42.976] [info] cache insert 41
[2023-10-14 02:13:42.976] [info] read page 41 from disk
[2023-10-14 02:13:42.976] [info] cache capacity: 20
[2023-10-14 02:13:42.976] [info] cache remove 22
[2023-10-14 02:13:42.976] [info] cache insert 42
[2023-10-14 02:13:42.976] [info] read page 42 from disk
[2023-10-14 02:13:42.976] [info] cache capacity: 20
[2023-10-14 02:13:42.976] [info] cache remove 23
[2023-10-14 02:13:42.976] [info] cache insert 43
[2023-10-14 02:13:42.976] [info] read page 43 from disk
[2023-10-14 02:13:42.976] [info] cache capacity: 20
[2023-10-14 02:13:42.976] [info] cache remove 24
[2023-10-14 02:13:42.976] [info] cache insert 44
[2023-10-14 02:13:42.976] [info] read page 44 from disk
[2023-10-14 02:13:42.976] [info] cache capacity: 20
[2023-10-14 02:13:42.976] [info] cache remove 25
[2023-10-14 02:13:42.976] [info] cache insert 45
[2023-10-14 02:13:42.976] [info] read page 45 from disk
[2023-10-14 02:13:42.976] [info] cache capacity: 20
[2023-10-14 02:13:42.976] [info] cache remove 26
[2023-10-14 02:13:42.976] [info] cache insert 46
[2023-10-14 02:13:42.976] [info] read page 46 from disk
[2023-10-14 02:13:42.976] [info] cache capacity: 20
[2023-10-14 02:13:42.976] [info] cache remove 27
[2023-10-14 02:13:42.976] [info] cache insert 47
[2023-10-14 02:13:42.976] [info] read page 47 from disk
[2023-10-14 02:13:42.976] [info] cache capacity: 20
[2023-10-14 02:13:42.976] [info] cache remove 28
[2023-10-14 02:13:42.977] [info] cache insert 48
[2023-10-14 02:13:42.977] [info] read page 48 from disk
[2023-10-14 02:13:42.977] [info] cache capacity: 20
[2023-10-14 02:13:42.977] [info] cache remove 29
[2023-10-14 02:13:42.977] [info] cache insert 49
[2023-10-14 02:13:42.977] [info] read page 49 from disk
[2023-10-14 02:13:42.977] [info] cache capacity: 20
[2023-10-14 02:13:42.977] [info] cache remove 30
[2023-10-14 02:13:42.977] [info] cache insert 50
[2023-10-14 02:13:42.977] [info] read page 50 from disk
[2023-10-14 02:13:42.977] [info] cache capacity: 20
[2023-10-14 02:13:42.977] [info] cache remove 31
[2023-10-14 02:13:42.977] [info] cache insert 51
[2023-10-14 02:13:42.977] [info] read page 51 from disk
[2023-10-14 02:13:42.977] [info] cache capacity: 20
[2023-10-14 02:13:42.977] [info] cache remove 32
[2023-10-14 02:13:42.977] [info] cache insert 52
[2023-10-14 02:13:42.977] [info] read page 52 from disk
[2023-10-14 02:13:42.977] [info] cache capacity: 20
[2023-10-14 02:13:42.977] [info] cache remove 33
[2023-10-14 02:13:42.977] [info] cache insert 53
[2023-10-14 02:13:42.977] [info] read page 53 from disk
[2023-10-14 02:13:42.977] [info] cache capacity: 20
[2023-10-14 02:13:42.977] [info] cache remove 34
[2023-10-14 02:13:42.977] [info] cache insert 54
[2023-10-14 02:13:42.977] [info] read page 54 from disk
[2023-10-14 02:13:42.977] [info] cache capacity: 20
[2023-10-14 02:13:42.977] [info] cache remove 35
[2023-10-14 02:13:42.977] [info] cache insert 55
[2023-10-14 02:13:42.977] [info] read page 55 from disk
[2023-10-14 02:13:42.977] [info] cache capacity: 20
[2023-10-14 02:13:42.977] [info] cache remove 36
[2023-10-14 02:13:42.977] [info] cache insert 56
[2023-10-14 02:13:42.977] [info] read page 56 from disk
[2023-10-14 02:13:42.977] [info] cache capacity: 20
[2023-10-14 02:13:42.977] [info] cache remove 37
[2023-10-14 02:13:42.977] [info] cache insert 57
[2023-10-14 02:13:42.977] [info] read page 57 from disk
[2023-10-14 02:13:42.978] [info] cache capacity: 20
[2023-10-14 02:13:42.978] [info] cache remove 38
[2023-10-14 02:13:42.978] [info] cache insert 58
[2023-10-14 02:13:42.978] [info] read page 58 from disk
[2023-10-14 02:13:42.978] [info] cache capacity: 20
[2023-10-14 02:13:42.978] [info] cache remove 39
[2023-10-14 02:13:42.978] [info] cache insert 59
[2023-10-14 02:13:42.978] [info] read page 59 from disk
[2023-10-14 02:13:42.978] [info] cache capacity: 20
[2023-10-14 02:13:42.978] [info] cache remove 40
[2023-10-14 02:13:42.978] [info] cache insert 60
[2023-10-14 02:13:42.978] [info] read page 60 from disk
[2023-10-14 02:13:42.978] [info] cache capacity: 20
[2023-10-14 02:13:42.978] [info] cache remove 41
[2023-10-14 02:13:42.978] [info] cache insert 61
[2023-10-14 02:13:42.978] [info] read page 61 from disk
[2023-10-14 02:13:42.978] [info] cache capacity: 20
[2023-10-14 02:13:42.978] [info] cache remove 42
[2023-10-14 02:13:42.978] [info] cache insert 62
[2023-10-14 02:13:42.978] [info] read page 62 from disk
[2023-10-14 02:13:42.978] [info] cache capacity: 20
[2023-10-14 02:13:42.978] [info] cache remove 43
[2023-10-14 02:13:42.978] [info] cache insert 63
[2023-10-14 02:13:42.978] [info] read page 63 from disk
[2023-10-14 02:13:42.978] [info] cache capacity: 20
[2023-10-14 02:13:42.978] [info] cache remove 44
[2023-10-14 02:13:42.978] [info] cache insert 64
[2023-10-14 02:13:42.978] [info] read page 64 from disk
[2023-10-14 02:13:42.978] [info] cache capacity: 20
[2023-10-14 02:13:42.978] [info] cache remove 45
[2023-10-14 02:13:42.978] [info] cache insert 65
[2023-10-14 02:13:42.978] [info] read page 65 from disk
[2023-10-14 02:13:42.978] [info] cache capacity: 20
[2023-10-14 02:13:42.978] [info] cache remove 46
[2023-10-14 02:13:42.979] [info] cache insert 66
[2023-10-14 02:13:42.979] [info] read page 66 from disk
[2023-10-14 02:13:42.979] [info] cache capacity: 20
[2023-10-14 02:13:42.979] [info] cache remove 47
[2023-10-14 02:13:42.979] [info] cache insert 67
[2023-10-14 02:13:42.979] [info] read page 67 from disk
[2023-10-14 02:13:42.979] [info] cache capacity: 20
[2023-10-14 02:13:42.979] [info] cache remove 48
[2023-10-14 02:13:42.979] [info] cache insert 68
[2023-10-14 02:13:42.979] [info] read page 68 from disk
[2023-10-14 02:13:42.979] [info] cache capacity: 20
[2023-10-14 02:13:42.979] [info] cache remove 49
[2023-10-14 02:13:42.979] [info] cache insert 69
[2023-10-14 02:13:42.979] [info] read page 69 from disk
[2023-10-14 02:13:42.979] [info] cache capacity: 20
[2023-10-14 02:13:42.979] [info] cache remove 50
[2023-10-14 02:13:42.979] [info] cache insert 70
[2023-10-14 02:13:42.979] [info] read page 70 from disk
[2023-10-14 02:13:42.979] [info] cache capacity: 20
[2023-10-14 02:13:42.979] [info] cache remove 51
[2023-10-14 02:13:42.979] [info] cache insert 71
[2023-10-14 02:13:42.979] [info] read page 71 from disk
[2023-10-14 02:13:42.979] [info] cache capacity: 20
[2023-10-14 02:13:42.979] [info] cache remove 52
[2023-10-14 02:13:42.979] [info] cache insert 72
[2023-10-14 02:13:42.979] [info] read page 72 from disk
[2023-10-14 02:13:42.979] [info] cache capacity: 20
[2023-10-14 02:13:42.979] [info] cache remove 53
[2023-10-14 02:13:42.979] [info] cache insert 73
[2023-10-14 02:13:42.979] [info] read page 73 from disk
[2023-10-14 02:13:42.979] [info] cache capacity: 20
[2023-10-14 02:13:42.979] [info] cache remove 54
[2023-10-14 02:13:42.979] [info] cache insert 74
[2023-10-14 02:13:42.979] [info] read page 74 from disk
[2023-10-14 02:13:42.979] [info] cache capacity: 20
[2023-10-14 02:13:42.979] [info] cache remove 55
[2023-10-14 02:13:42.979] [info] cache insert 75
[2023-10-14 02:13:42.979] [info] read page 75 from disk
[2023-10-14 02:13:42.980] [info] cache capacity: 20
[2023-10-14 02:13:42.980] [info] cache remove 56
[2023-10-14 02:13:42.980] [info] cache insert 76
[2023-10-14 02:13:42.980] [info] read page 76 from disk
[2023-10-14 02:13:42.980] [info] cache capacity: 20
[2023-10-14 02:13:42.980] [info] cache remove 57
[2023-10-14 02:13:42.980] [info] cache insert 77
[2023-10-14 02:13:42.980] [info] read page 77 from disk
[2023-10-14 02:13:42.980] [info] cache capacity: 20
[2023-10-14 02:13:42.980] [info] cache remove 58
[2023-10-14 02:13:42.980] [info] cache insert 78
[2023-10-14 02:13:42.980] [info] read page 78 from disk
[2023-10-14 02:13:42.980] [info] cache capacity: 20
[2023-10-14 02:13:42.980] [info] cache remove 59
[2023-10-14 02:13:42.980] [info] cache insert 79
[2023-10-14 02:13:42.980] [info] read page 79 from disk
[2023-10-14 02:13:42.980] [info] cache capacity: 20
[2023-10-14 02:13:42.980] [info] cache remove 60
[2023-10-14 02:13:42.980] [info] cache insert 80
[2023-10-14 02:13:42.980] [info] read page 80 from disk
[2023-10-14 02:13:42.980] [info] cache capacity: 20
[2023-10-14 02:13:42.980] [info] cache remove 61
[2023-10-14 02:13:42.980] [info] cache insert 81
[2023-10-14 02:13:42.980] [info] read page 81 from disk
[2023-10-14 02:13:42.980] [info] cache capacity: 20
[2023-10-14 02:13:42.980] [info] cache remove 62
[2023-10-14 02:13:42.980] [info] cache insert 82
[2023-10-14 02:13:42.980] [info] read page 82 from disk
[2023-10-14 02:13:42.980] [info] cache capacity: 20
[2023-10-14 02:13:42.980] [info] cache remove 63
[2023-10-14 02:13:42.980] [info] cache insert 83
[2023-10-14 02:13:42.980] [info] read page 83 from disk
[2023-10-14 02:13:42.980] [info] cache capacity: 20
[2023-10-14 02:13:42.980] [info] cache remove 64
[2023-10-14 02:13:42.980] [info] cache insert 84
[2023-10-14 02:13:42.980] [info] read page 84 from disk
[2023-10-14 02:13:42.980] [info] cache capacity: 20
[2023-10-14 02:13:42.980] [info] cache remove 65
[2023-10-14 02:13:42.981] [info] cache insert 85
[2023-10-14 02:13:42.981] [info] read page 85 from disk
[2023-10-14 02:13:42.981] [info] cache capacity: 20
[2023-10-14 02:13:42.981] [info] cache remove 66
[2023-10-14 02:13:42.981] [info] cache insert 86
[2023-10-14 02:13:42.981] [info] read page 86 from disk
[2023-10-14 02:13:42.981] [info] cache capacity: 20
[2023-10-14 02:13:42.981] [info] cache remove 67
[2023-10-14 02:13:42.981] [info] cache insert 87
[2023-10-14 02:13:42.981] [info] read page 87 from disk
[2023-10-14 02:13:42.981] [info] cache capacity: 20
[2023-10-14 02:13:42.981] [info] cache remove 68
[2023-10-14 02:13:42.981] [info] cache insert 88
[2023-10-14 02:13:42.981] [info] read page 88 from disk
[2023-10-14 02:13:42.981] [info] cache capacity: 20
[2023-10-14 02:13:42.981] [info] cache remove 69
[2023-10-14 02:13:42.981] [info] cache insert 89
[2023-10-14 02:13:42.981] [info] read page 89 from disk
[2023-10-14 02:13:42.981] [info] cache capacity: 20
[2023-10-14 02:13:42.981] [info] cache remove 70
[2023-10-14 02:13:42.981] [info] cache insert 90
[2023-10-14 02:13:42.981] [info] read page 90 from disk
[2023-10-14 02:13:42.981] [info] cache capacity: 20
[2023-10-14 02:13:42.981] [info] cache remove 71
[2023-10-14 02:13:42.981] [info] cache insert 91
[2023-10-14 02:13:42.981] [info] read page 91 from disk
[2023-10-14 02:13:42.981] [info] cache capacity: 20
[2023-10-14 02:13:42.981] [info] cache remove 72
[2023-10-14 02:13:42.981] [info] cache insert 92
[2023-10-14 02:13:42.981] [info] read page 92 from disk
[2023-10-14 02:13:42.981] [info] cache capacity: 20
[2023-10-14 02:13:42.981] [info] cache remove 73
[2023-10-14 02:13:42.981] [info] cache insert 93
[2023-10-14 02:13:42.981] [info] read page 93 from disk
[2023-10-14 02:13:42.981] [info] cache capacity: 20
[2023-10-14 02:13:42.981] [info] cache remove 74
[2023-10-14 02:13:42.981] [info] cache insert 94
[2023-10-14 02:13:42.981] [info] read page 94 from disk
[2023-10-14 02:13:42.982] [info] cache capacity: 20
[2023-10-14 02:13:42.982] [info] cache remove 75
[2023-10-14 02:13:42.982] [info] cache insert 95
[2023-10-14 02:13:42.982] [info] read page 95 from disk
[2023-10-14 02:13:42.982] [info] cache capacity: 20
[2023-10-14 02:13:42.982] [info] cache remove 76
[2023-10-14 02:13:42.982] [info] cache insert 96
[2023-10-14 02:13:42.982] [info] read page 96 from disk
[2023-10-14 02:13:42.982] [info] cache capacity: 20
[2023-10-14 02:13:42.982] [info] cache remove 77
[2023-10-14 02:13:42.982] [info] cache insert 97
[2023-10-14 02:13:42.982] [info] read page 97 from disk
[2023-10-14 02:13:42.982] [info] cache capacity: 20
[2023-10-14 02:13:42.982] [info] cache remove 78
[2023-10-14 02:13:42.982] [info] cache insert 98
[2023-10-14 02:13:42.982] [info] read page 98 from disk
[2023-10-14 02:13:42.982] [info] cache capacity: 20
[2023-10-14 02:13:42.982] [info] cache remove 79
[2023-10-14 02:13:42.982] [info] cache insert 99
[2023-10-14 02:13:42.982] [info] read page 99 from disk
[2023-10-14 02:13:42.982] [info] cache capacity: 20
[2023-10-14 02:13:42.982] [info] cache remove 80
[2023-10-14 02:13:42.982] [info] cache insert 100
[2023-10-14 02:13:42.982] [info] read page 100 from disk
[2023-10-14 02:13:42.982] [info] cache capacity: 20
[2023-10-14 02:13:42.982] [info] cache remove 81
[2023-10-14 02:13:42.983] [info] cache insert 101
[2023-10-14 02:13:42.983] [info] read page 101 from disk
[2023-10-14 02:13:42.983] [info] cache capacity: 20
[2023-10-14 02:13:42.983] [info] cache remove 82
[2023-10-14 02:13:42.983] [info] cache insert 102
[2023-10-14 02:13:42.983] [info] read page 102 from disk
[2023-10-14 02:13:42.983] [info] cache capacity: 20
[2023-10-14 02:13:42.983] [info] cache remove 83
[2023-10-14 02:13:42.983] [info] cache insert 103
[2023-10-14 02:13:42.983] [info] read page 103 from disk
[2023-10-14 02:13:42.983] [info] cache capacity: 20
[2023-10-14 02:13:42.983] [info] cache remove 84
[2023-10-14 02:13:42.983] [info] cache insert 104
[2023-10-14 02:13:42.983] [info] read page 104 from disk
[2023-10-14 02:13:42.983] [info] cache capacity: 20
[2023-10-14 02:13:42.983] [info] cache remove 85
[2023-10-14 02:13:42.983] [info] cache insert 105
[2023-10-14 02:13:42.983] [info] read page 105 from disk
[2023-10-14 02:13:42.983] [info] cache capacity: 20
[2023-10-14 02:13:42.983] [info] cache remove 86
[2023-10-14 02:13:42.983] [info] cache insert 106
[2023-10-14 02:13:42.983] [info] read page 106 from disk
[2023-10-14 02:13:42.983] [info] cache capacity: 20
[2023-10-14 02:13:42.983] [info] cache remove 87
[2023-10-14 02:13:42.983] [info] cache insert 107
[2023-10-14 02:13:42.983] [info] read page 107 from disk
[2023-10-14 02:13:42.983] [info] cache capacity: 20
[2023-10-14 02:13:42.983] [info] cache remove 88
[2023-10-14 02:13:42.983] [info] cache insert 108
[2023-10-14 02:13:42.983] [info] read page 108 from disk
[2023-10-14 02:13:42.983] [info] cache capacity: 20
[2023-10-14 02:13:42.983] [info] cache remove 89
[2023-10-14 02:13:42.983] [info] cache insert 109
[2023-10-14 02:13:42.983] [info] read page 109 from disk
[2023-10-14 02:13:42.983] [info] cache capacity: 20
[2023-10-14 02:13:42.983] [info] cache remove 90
[2023-10-14 02:13:42.983] [info] cache insert 110
[2023-10-14 02:13:42.984] [info] read page 110 from disk
[2023-10-14 02:13:42.984] [info] cache capacity: 20
[2023-10-14 02:13:42.984] [info] cache remove 91
[2023-10-14 02:13:42.984] [info] cache insert 111
[2023-10-14 02:13:42.984] [info] read page 111 from disk
[2023-10-14 02:13:42.984] [info] cache capacity: 20
[2023-10-14 02:13:42.984] [info] cache remove 92
[2023-10-14 02:13:42.984] [info] cache insert 112
[2023-10-14 02:13:42.984] [info] read page 112 from disk
[2023-10-14 02:13:42.984] [info] cache capacity: 20
[2023-10-14 02:13:42.984] [info] cache remove 93
[2023-10-14 02:13:42.984] [info] cache insert 113
[2023-10-14 02:13:42.984] [info] read page 113 from disk
[2023-10-14 02:13:42.984] [info] cache capacity: 20
[2023-10-14 02:13:42.984] [info] cache remove 94
[2023-10-14 02:13:42.984] [info] cache insert 114
[2023-10-14 02:13:42.984] [info] read page 114 from disk
[2023-10-14 02:13:42.984] [info] cache capacity: 20
[2023-10-14 02:13:42.984] [info] cache remove 95
[2023-10-14 02:13:42.984] [info] cache insert 115
[2023-10-14 02:13:42.984] [info] read page 115 from disk
[2023-10-14 02:13:42.984] [info] cache capacity: 20
[2023-10-14 02:13:42.984] [info] cache remove 96
[2023-10-14 02:13:42.984] [info] cache insert 116
[2023-10-14 02:13:42.984] [info] read page 116 from disk
[2023-10-14 02:13:42.984] [info] cache capacity: 20
[2023-10-14 02:13:42.984] [info] cache remove 97
[2023-10-14 02:13:42.984] [info] cache insert 117
[2023-10-14 02:13:42.984] [info] read page 117 from disk
[2023-10-14 02:13:42.984] [info] cache capacity: 20
[2023-10-14 02:13:42.984] [info] cache remove 98
[2023-10-14 02:13:42.984] [info] cache insert 118
[2023-10-14 02:13:42.984] [info] read page 118 from disk
[2023-10-14 02:13:42.984] [info] cache capacity: 20
[2023-10-14 02:13:42.984] [info] cache remove 99
[2023-10-14 02:13:42.984] [info] cache insert 119
[2023-10-14 02:13:42.984] [info] read page 119 from disk
[2023-10-14 02:13:42.984] [info] cache capacity: 20
[2023-10-14 02:13:42.985] [info] cache remove 100
[2023-10-14 02:13:42.985] [info] cache insert 120
[2023-10-14 02:13:42.985] [info] read page 120 from disk
[2023-10-14 02:13:42.985] [info] cache capacity: 20
[2023-10-14 02:13:42.985] [info] cache remove 101
[2023-10-14 02:13:42.985] [info] cache insert 121
[2023-10-14 02:13:42.985] [info] read page 121 from disk
[2023-10-14 02:13:42.985] [info] cache capacity: 20
[2023-10-14 02:13:42.985] [info] cache remove 102
[2023-10-14 02:13:42.985] [info] cache insert 122
[2023-10-14 02:13:42.985] [info] read page 122 from disk
[2023-10-14 02:13:42.985] [info] cache capacity: 20
[2023-10-14 02:13:42.985] [info] cache remove 103
[2023-10-14 02:13:42.985] [info] cache insert 123
[2023-10-14 02:13:42.985] [info] read page 123 from disk
[2023-10-14 02:13:42.985] [info] cache capacity: 20
[2023-10-14 02:13:42.985] [info] cache remove 104
[2023-10-14 02:13:42.985] [info] cache insert 124
[2023-10-14 02:13:42.985] [info] read page 124 from disk
[2023-10-14 02:13:42.985] [info] cache capacity: 20
[2023-10-14 02:13:42.985] [info] cache remove 105
[2023-10-14 02:13:42.985] [info] cache insert 125
[2023-10-14 02:13:42.985] [info] read page 125 from disk
[2023-10-14 02:13:42.985] [info] cache capacity: 20
[2023-10-14 02:13:42.985] [info] cache remove 106
[2023-10-14 02:13:42.985] [info] cache insert 126
[2023-10-14 02:13:42.985] [info] read page 126 from disk
[2023-10-14 02:13:42.985] [info] cache capacity: 20
[2023-10-14 02:13:42.985] [info] cache remove 107
[2023-10-14 02:13:42.985] [info] cache insert 127
[2023-10-14 02:13:42.985] [info] read page 127 from disk
[2023-10-14 02:13:42.985] [info] cache capacity: 20
[2023-10-14 02:13:42.985] [info] cache remove 108
[2023-10-14 02:13:42.985] [info] cache insert 128
[2023-10-14 02:13:42.985] [info] read page 128 from disk
[2023-10-14 02:13:42.985] [info] cache capacity: 20
[2023-10-14 02:13:42.985] [info] cache remove 109
[2023-10-14 02:13:42.985] [info] cache insert 129
[2023-10-14 02:13:42.986] [info] read page 129 from disk
[2023-10-14 02:13:42.986] [info] cache capacity: 20
[2023-10-14 02:13:42.986] [info] cache remove 110
[2023-10-14 02:13:42.986] [info] cache insert 130
[2023-10-14 02:13:42.986] [info] read page 130 from disk
[2023-10-14 02:13:42.986] [info] cache capacity: 20
[2023-10-14 02:13:42.986] [info] cache remove 111
[2023-10-14 02:13:42.986] [info] cache insert 131
[2023-10-14 02:13:42.986] [info] read page 131 from disk
[2023-10-14 02:13:42.986] [info] cache capacity: 20
[2023-10-14 02:13:42.986] [info] cache remove 112
[2023-10-14 02:13:42.986] [info] cache insert 132
[2023-10-14 02:13:42.986] [info] read page 132 from disk
[2023-10-14 02:13:42.986] [info] cache capacity: 20
[2023-10-14 02:13:42.986] [info] cache remove 113
[2023-10-14 02:13:42.986] [info] cache insert 133
[2023-10-14 02:13:42.986] [info] read page 133 from disk
[2023-10-14 02:13:42.986] [info] cache capacity: 20
[2023-10-14 02:13:42.986] [info] cache remove 114
[2023-10-14 02:13:42.986] [info] cache insert 134
[2023-10-14 02:13:42.986] [info] read page 134 from disk
[2023-10-14 02:13:42.986] [info] cache capacity: 20
[2023-10-14 02:13:42.986] [info] cache remove 115
[2023-10-14 02:13:42.986] [info] cache insert 135
[2023-10-14 02:13:42.986] [info] read page 135 from disk
[2023-10-14 02:13:42.986] [info] cache capacity: 20
[2023-10-14 02:13:42.986] [info] cache remove 116
[2023-10-14 02:13:42.986] [info] cache insert 136
[2023-10-14 02:13:42.986] [info] read page 136 from disk
[2023-10-14 02:13:42.986] [info] cache capacity: 20
[2023-10-14 02:13:42.986] [info] cache remove 117
[2023-10-14 02:13:42.986] [info] cache insert 137
[2023-10-14 02:13:42.986] [info] read page 137 from disk
[2023-10-14 02:13:42.986] [info] cache capacity: 20
[2023-10-14 02:13:42.987] [info] cache remove 118
[2023-10-14 02:13:42.987] [info] cache insert 138
[2023-10-14 02:13:42.987] [info] read page 138 from disk
[2023-10-14 02:13:42.987] [info] cache capacity: 20
[2023-10-14 02:13:42.987] [info] cache remove 119
[2023-10-14 02:13:42.987] [info] cache insert 139
[2023-10-14 02:13:42.987] [info] read page 139 from disk
[2023-10-14 02:13:42.987] [info] cache capacity: 20
[2023-10-14 02:13:42.987] [info] cache remove 120
[2023-10-14 02:13:42.987] [info] cache insert 140
[2023-10-14 02:13:42.987] [info] read page 140 from disk
[2023-10-14 02:13:42.987] [info] cache capacity: 20
[2023-10-14 02:13:42.987] [info] cache remove 121
[2023-10-14 02:13:42.987] [info] cache insert 141
[2023-10-14 02:13:42.987] [info] read page 141 from disk
[2023-10-14 02:13:42.987] [info] cache capacity: 20
[2023-10-14 02:13:42.987] [info] cache remove 122
[2023-10-14 02:13:42.987] [info] cache insert 142
[2023-10-14 02:13:42.987] [info] read page 142 from disk
[2023-10-14 02:13:42.987] [info] cache capacity: 20
[2023-10-14 02:13:42.987] [info] cache remove 123
[2023-10-14 02:13:42.987] [info] cache insert 143
[2023-10-14 02:13:42.987] [info] read page 143 from disk
[2023-10-14 02:13:42.987] [info] cache capacity: 20
[2023-10-14 02:13:42.987] [info] cache remove 124
[2023-10-14 02:13:42.987] [info] cache insert 144
[2023-10-14 02:13:42.987] [info] read page 144 from disk
[2023-10-14 02:13:42.987] [info] cache capacity: 20
[2023-10-14 02:13:42.987] [info] cache remove 125
[2023-10-14 02:13:42.987] [info] cache insert 145
[2023-10-14 02:13:42.987] [info] read page 145 from disk
[2023-10-14 02:13:42.987] [info] cache capacity: 20
[2023-10-14 02:13:42.987] [info] cache remove 126
[2023-10-14 02:13:42.987] [info] cache insert 146
[2023-10-14 02:13:42.987] [info] read page 146 from disk
[2023-10-14 02:13:42.987] [info] cache capacity: 20
[2023-10-14 02:13:42.988] [info] cache remove 127
[2023-10-14 02:13:42.988] [info] cache insert 147
[2023-10-14 02:13:42.988] [info] read page 147 from disk
[2023-10-14 02:13:42.988] [info] cache capacity: 20
[2023-10-14 02:13:42.988] [info] cache remove 128
[2023-10-14 02:13:42.988] [info] cache insert 148
[2023-10-14 02:13:42.988] [info] read page 148 from disk
[2023-10-14 02:13:42.988] [info] cache capacity: 20
[2023-10-14 02:13:42.988] [info] cache remove 129
[2023-10-14 02:13:42.988] [info] cache insert 149
[2023-10-14 02:13:42.988] [info] read page 149 from disk
[2023-10-14 02:13:42.988] [info] cache capacity: 20
[2023-10-14 02:13:42.988] [info] cache remove 130
[2023-10-14 02:13:42.988] [info] cache insert 150
[2023-10-14 02:13:42.988] [info] read page 150 from disk
[2023-10-14 02:13:42.988] [info] cache capacity: 20
[2023-10-14 02:13:42.988] [info] cache remove 131
[2023-10-14 02:13:42.988] [info] cache insert 151
[2023-10-14 02:13:42.988] [info] read page 151 from disk
[2023-10-14 02:13:42.988] [info] cache capacity: 20
[2023-10-14 02:13:42.988] [info] cache remove 132
[2023-10-14 02:13:42.988] [info] cache insert 152
[2023-10-14 02:13:42.988] [info] read page 152 from disk
[2023-10-14 02:13:42.988] [info] cache capacity: 20
[2023-10-14 02:13:42.988] [info] cache remove 133
[2023-10-14 02:13:42.988] [info] cache insert 153
[2023-10-14 02:13:42.988] [info] read page 153 from disk
[2023-10-14 02:13:42.988] [info] cache capacity: 20
[2023-10-14 02:13:42.988] [info] cache remove 134
[2023-10-14 02:13:42.988] [info] cache insert 154
[2023-10-14 02:13:42.988] [info] read page 154 from disk
[2023-10-14 02:13:42.988] [info] cache capacity: 20
[2023-10-14 02:13:42.988] [info] cache remove 135
[2023-10-14 02:13:42.988] [info] cache insert 155
[2023-10-14 02:13:42.988] [info] read page 155 from disk
[2023-10-14 02:13:42.988] [info] cache capacity: 20
[2023-10-14 02:13:42.988] [info] cache remove 136
[2023-10-14 02:13:42.989] [info] cache insert 156
[2023-10-14 02:13:42.989] [info] read page 156 from disk
[2023-10-14 02:13:42.989] [info] cache capacity: 20
[2023-10-14 02:13:42.989] [info] cache remove 137
[2023-10-14 02:13:42.989] [info] cache insert 157
[2023-10-14 02:13:42.989] [info] read page 157 from disk
[2023-10-14 02:13:42.989] [info] cache capacity: 20
[2023-10-14 02:13:42.989] [info] cache remove 138
[2023-10-14 02:13:42.989] [info] cache insert 158
[2023-10-14 02:13:42.989] [info] read page 158 from disk
[2023-10-14 02:13:42.989] [info] cache capacity: 20
[2023-10-14 02:13:42.989] [info] cache remove 139
[2023-10-14 02:13:42.989] [info] cache insert 159
[2023-10-14 02:13:42.989] [info] read page 159 from disk
[2023-10-14 02:13:42.989] [info] cache capacity: 20
[2023-10-14 02:13:42.989] [info] cache remove 140
[2023-10-14 02:13:42.989] [info] cache insert 160
[2023-10-14 02:13:42.989] [info] read page 160 from disk
[2023-10-14 02:13:42.989] [info] cache capacity: 20
[2023-10-14 02:13:42.989] [info] cache remove 141
[2023-10-14 02:13:42.989] [info] cache insert 161
[2023-10-14 02:13:42.989] [info] read page 161 from disk
[2023-10-14 02:13:42.989] [info] cache capacity: 20
[2023-10-14 02:13:42.989] [info] cache remove 142
[2023-10-14 02:13:42.989] [info] cache insert 162
[2023-10-14 02:13:42.989] [info] read page 162 from disk
[2023-10-14 02:13:42.989] [info] cache capacity: 20
[2023-10-14 02:13:42.989] [info] cache remove 143
[2023-10-14 02:13:42.989] [info] cache insert 163
[2023-10-14 02:13:42.989] [info] read page 163 from disk
[2023-10-14 02:13:42.989] [info] cache capacity: 20
[2023-10-14 02:13:42.989] [info] cache remove 144
[2023-10-14 02:13:42.989] [info] cache insert 164
[2023-10-14 02:13:42.989] [info] read page 164 from disk
[2023-10-14 02:13:42.989] [info] cache capacity: 20
[2023-10-14 02:13:42.989] [info] cache remove 145
[2023-10-14 02:13:42.989] [info] cache insert 165
[2023-10-14 02:13:42.989] [info] read page 165 from disk
[2023-10-14 02:13:42.990] [info] cache capacity: 20
[2023-10-14 02:13:42.990] [info] cache remove 146
[2023-10-14 02:13:42.990] [info] cache insert 166
[2023-10-14 02:13:42.990] [info] read page 166 from disk
[2023-10-14 02:13:42.990] [info] cache capacity: 20
[2023-10-14 02:13:42.990] [info] cache remove 147
[2023-10-14 02:13:42.990] [info] cache insert 167
[2023-10-14 02:13:42.990] [info] read page 167 from disk
[2023-10-14 02:13:42.990] [info] cache capacity: 20
[2023-10-14 02:13:42.990] [info] cache remove 148
[2023-10-14 02:13:42.990] [info] cache insert 168
[2023-10-14 02:13:42.990] [info] read page 168 from disk
[2023-10-14 02:13:42.990] [info] cache capacity: 20
[2023-10-14 02:13:42.990] [info] cache remove 149
[2023-10-14 02:13:42.990] [info] cache insert 169
[2023-10-14 02:13:42.990] [info] read page 169 from disk
[2023-10-14 02:13:42.990] [info] cache capacity: 20
[2023-10-14 02:13:42.990] [info] cache remove 150
[2023-10-14 02:13:42.990] [info] cache insert 170
[2023-10-14 02:13:42.990] [info] read page 170 from disk
[2023-10-14 02:13:42.990] [info] cache capacity: 20
[2023-10-14 02:13:42.990] [info] cache remove 151
[2023-10-14 02:13:42.990] [info] cache insert 171
[2023-10-14 02:13:42.990] [info] read page 171 from disk
[2023-10-14 02:13:42.990] [info] cache capacity: 20
[2023-10-14 02:13:42.990] [info] cache remove 152
[2023-10-14 02:13:42.990] [info] cache insert 172
[2023-10-14 02:13:42.990] [info] read page 172 from disk
[2023-10-14 02:13:42.990] [info] cache capacity: 20
[2023-10-14 02:13:42.990] [info] cache remove 153
[2023-10-14 02:13:42.990] [info] cache insert 173
[2023-10-14 02:13:42.990] [info] read page 173 from disk
[2023-10-14 02:13:42.990] [info] cache capacity: 20
[2023-10-14 02:13:42.990] [info] cache remove 154
[2023-10-14 02:13:42.990] [info] cache insert 174
[2023-10-14 02:13:42.991] [info] read page 174 from disk
[2023-10-14 02:13:42.991] [info] cache capacity: 20
[2023-10-14 02:13:42.991] [info] cache remove 155
[2023-10-14 02:13:42.991] [info] cache insert 175
[2023-10-14 02:13:42.991] [info] read page 175 from disk
[2023-10-14 02:13:42.991] [info] cache capacity: 20
[2023-10-14 02:13:42.991] [info] cache remove 156
[2023-10-14 02:13:42.991] [info] cache insert 176
[2023-10-14 02:13:42.991] [info] read page 176 from disk
[2023-10-14 02:13:42.991] [info] cache capacity: 20
[2023-10-14 02:13:42.991] [info] cache remove 157
[2023-10-14 02:13:42.991] [info] cache insert 177
[2023-10-14 02:13:42.991] [info] read page 177 from disk
[2023-10-14 02:13:42.991] [info] cache capacity: 20
[2023-10-14 02:13:42.991] [info] cache remove 158
[2023-10-14 02:13:42.991] [info] cache insert 178
[2023-10-14 02:13:42.991] [info] read page 178 from disk
[2023-10-14 02:13:42.991] [info] cache capacity: 20
[2023-10-14 02:13:42.991] [info] cache remove 159
[2023-10-14 02:13:42.991] [info] cache insert 179
[2023-10-14 02:13:42.991] [info] read page 179 from disk
[2023-10-14 02:13:42.991] [info] cache capacity: 20
[2023-10-14 02:13:42.991] [info] cache remove 160
[2023-10-14 02:13:42.991] [info] cache insert 180
[2023-10-14 02:13:42.991] [info] read page 180 from disk
[2023-10-14 02:13:42.991] [info] cache capacity: 20
[2023-10-14 02:13:42.991] [info] cache remove 161
[2023-10-14 02:13:42.991] [info] cache insert 181
[2023-10-14 02:13:42.991] [info] read page 181 from disk
[2023-10-14 02:13:42.991] [info] cache capacity: 20
[2023-10-14 02:13:42.991] [info] cache remove 162
[2023-10-14 02:13:42.991] [info] cache insert 182
[2023-10-14 02:13:42.991] [info] read page 182 from disk
[2023-10-14 02:13:42.991] [info] cache capacity: 20
[2023-10-14 02:13:42.991] [info] cache remove 163
[2023-10-14 02:13:42.991] [info] cache insert 183
[2023-10-14 02:13:42.991] [info] read page 183 from disk
[2023-10-14 02:13:42.991] [info] cache capacity: 20
[2023-10-14 02:13:42.992] [info] cache remove 164
[2023-10-14 02:13:42.992] [info] cache insert 184
[2023-10-14 02:13:42.992] [info] read page 184 from disk
[2023-10-14 02:13:42.992] [info] cache capacity: 20
[2023-10-14 02:13:42.992] [info] cache remove 165
[2023-10-14 02:13:42.992] [info] cache insert 185
[2023-10-14 02:13:42.992] [info] read page 185 from disk
[2023-10-14 02:13:42.992] [info] cache capacity: 20
[2023-10-14 02:13:42.992] [info] cache remove 166
[2023-10-14 02:13:42.992] [info] cache insert 186
[2023-10-14 02:13:42.992] [info] read page 186 from disk
[2023-10-14 02:13:42.992] [info] cache capacity: 20
[2023-10-14 02:13:42.992] [info] cache remove 167
[2023-10-14 02:13:42.992] [info] cache insert 187
[2023-10-14 02:13:42.992] [info] read page 187 from disk
[2023-10-14 02:13:42.992] [info] cache capacity: 20
[2023-10-14 02:13:42.992] [info] cache remove 168
[2023-10-14 02:13:42.992] [info] cache insert 188
[2023-10-14 02:13:42.992] [info] read page 188 from disk
[2023-10-14 02:13:42.992] [info] cache capacity: 20
[2023-10-14 02:13:42.992] [info] cache remove 169
[2023-10-14 02:13:42.992] [info] cache insert 189
[2023-10-14 02:13:42.992] [info] read page 189 from disk
[2023-10-14 02:13:42.992] [info] cache capacity: 20
[2023-10-14 02:13:42.992] [info] cache remove 170
[2023-10-14 02:13:42.992] [info] cache insert 190
[2023-10-14 02:13:42.992] [info] read page 190 from disk
[2023-10-14 02:13:42.992] [info] cache capacity: 20
[2023-10-14 02:13:42.992] [info] cache remove 171
[2023-10-14 02:13:42.992] [info] cache insert 191
[2023-10-14 02:13:42.992] [info] read page 191 from disk
[2023-10-14 02:13:42.992] [info] cache capacity: 20
[2023-10-14 02:13:42.992] [info] cache remove 172
[2023-10-14 02:13:42.992] [info] cache insert 192
[2023-10-14 02:13:42.992] [info] read page 192 from disk
[2023-10-14 02:13:42.992] [info] cache capacity: 20
[2023-10-14 02:13:42.992] [info] cache remove 173
[2023-10-14 02:13:42.992] [info] cache insert 193
[2023-10-14 02:13:42.992] [info] read page 193 from disk
[2023-10-14 02:13:42.993] [info] cache capacity: 20
[2023-10-14 02:13:42.993] [info] cache remove 174
[2023-10-14 02:13:42.993] [info] cache insert 194
[2023-10-14 02:13:42.993] [info] read page 194 from disk
[2023-10-14 02:13:42.993] [info] cache capacity: 20
[2023-10-14 02:13:42.993] [info] cache remove 175
[2023-10-14 02:13:42.993] [info] cache insert 195
[2023-10-14 02:13:42.993] [info] read page 195 from disk
[2023-10-14 02:13:42.993] [info] cache capacity: 20
[2023-10-14 02:13:42.993] [info] cache remove 176
[2023-10-14 02:13:42.993] [info] cache insert 196
[2023-10-14 02:13:42.993] [info] read page 196 from disk
[2023-10-14 02:13:42.993] [info] cache capacity: 20
[2023-10-14 02:13:42.993] [info] cache remove 177
[2023-10-14 02:13:42.993] [info] cache insert 197
[2023-10-14 02:13:42.993] [info] read page 197 from disk
[2023-10-14 02:13:42.993] [info] cache capacity: 20
[2023-10-14 02:13:42.993] [info] cache remove 178
[2023-10-14 02:13:42.993] [info] cache insert 198
[2023-10-14 02:13:42.993] [info] read page 198 from disk
[2023-10-14 02:13:42.993] [info] cache capacity: 20
[2023-10-14 02:13:42.993] [info] cache remove 179
[2023-10-14 02:13:42.993] [info] cache insert 199
[2023-10-14 02:13:42.993] [info] read page 199 from disk
[2023-10-14 02:13:42.993] [info] cache capacity: 20
[2023-10-14 02:13:42.993] [info] cache remove 180
[2023-10-14 02:13:42.993] [info] cache insert 200
[2023-10-14 02:13:42.993] [info] read page 200 from disk
[2023-10-14 02:13:42.993] [info] cache capacity: 20
[2023-10-14 02:13:42.993] [info] cache remove 181
[2023-10-14 02:13:42.993] [info] cache insert 201
[2023-10-14 02:13:42.993] [info] read page 201 from disk
[2023-10-14 02:13:42.993] [info] cache capacity: 20
[2023-10-14 02:13:42.993] [info] cache remove 182
[2023-10-14 02:13:42.993] [info] cache insert 202
[2023-10-14 02:13:42.993] [info] read page 202 from disk
[2023-10-14 02:13:42.993] [info] cache capacity: 20
[2023-10-14 02:13:42.993] [info] cache remove 183
[2023-10-14 02:13:42.993] [info] cache insert 203
[2023-10-14 02:13:42.994] [info] read page 203 from disk
[2023-10-14 02:13:42.994] [info] cache capacity: 20
[2023-10-14 02:13:42.994] [info] cache remove 184
[2023-10-14 02:13:42.994] [info] cache insert 204
[2023-10-14 02:13:42.994] [info] read page 204 from disk
[2023-10-14 02:13:42.994] [info] cache capacity: 20
[2023-10-14 02:13:42.994] [info] cache remove 185
[2023-10-14 02:13:42.994] [info] cache insert 205
[2023-10-14 02:13:42.994] [info] read page 205 from disk
[2023-10-14 02:13:42.994] [info] cache capacity: 20
[2023-10-14 02:13:42.994] [info] cache remove 186
[2023-10-14 02:13:42.994] [info] cache insert 206
[2023-10-14 02:13:42.994] [info] read page 206 from disk
[2023-10-14 02:13:42.994] [info] cache capacity: 20
[2023-10-14 02:13:42.994] [info] cache remove 187
[2023-10-14 02:13:42.994] [info] cache insert 207
[2023-10-14 02:13:42.994] [info] read page 207 from disk
[2023-10-14 02:13:42.994] [info] cache capacity: 20
[2023-10-14 02:13:42.994] [info] cache remove 188
[2023-10-14 02:13:42.994] [info] cache insert 208
[2023-10-14 02:13:42.994] [info] read page 208 from disk
[2023-10-14 02:13:42.994] [info] cache capacity: 20
[2023-10-14 02:13:42.994] [info] cache remove 189
[2023-10-14 02:13:42.994] [info] cache insert 209
[2023-10-14 02:13:42.994] [info] read page 209 from disk
[2023-10-14 02:13:42.994] [info] cache capacity: 20
[2023-10-14 02:13:42.994] [info] cache remove 190
[2023-10-14 02:13:42.994] [info] cache insert 210
[2023-10-14 02:13:42.994] [info] read page 210 from disk
[2023-10-14 02:13:42.994] [info] cache capacity: 20
[2023-10-14 02:13:42.994] [info] cache remove 191
[2023-10-14 02:13:42.994] [info] cache insert 211
[2023-10-14 02:13:42.994] [info] read page 211 from disk
[2023-10-14 02:13:42.994] [info] cache capacity: 20
[2023-10-14 02:13:42.994] [info] cache remove 192
[2023-10-14 02:13:42.994] [info] cache insert 212
[2023-10-14 02:13:42.995] [info] read page 212 from disk
[2023-10-14 02:13:42.995] [info] cache capacity: 20
[2023-10-14 02:13:42.995] [info] cache remove 193
[2023-10-14 02:13:42.995] [info] cache insert 213
[2023-10-14 02:13:42.995] [info] read page 213 from disk
[2023-10-14 02:13:42.995] [info] cache capacity: 20
[2023-10-14 02:13:42.995] [info] cache remove 194
[2023-10-14 02:13:42.995] [info] cache insert 214
[2023-10-14 02:13:42.995] [info] read page 214 from disk
[2023-10-14 02:13:42.995] [info] cache capacity: 20
[2023-10-14 02:13:42.995] [info] cache remove 195
[2023-10-14 02:13:42.995] [info] cache insert 215
[2023-10-14 02:13:42.995] [info] read page 215 from disk
[2023-10-14 02:13:42.995] [info] cache capacity: 20
[2023-10-14 02:13:42.995] [info] cache remove 196
[2023-10-14 02:13:42.995] [info] cache insert 216
[2023-10-14 02:13:42.995] [info] read page 216 from disk
[2023-10-14 02:13:42.995] [info] cache capacity: 20
[2023-10-14 02:13:42.995] [info] cache remove 197
[2023-10-14 02:13:42.995] [info] cache insert 217
[2023-10-14 02:13:42.995] [info] read page 217 from disk
[2023-10-14 02:13:42.995] [info] cache capacity: 20
[2023-10-14 02:13:42.995] [info] cache remove 198
[2023-10-14 02:13:42.995] [info] cache insert 218
[2023-10-14 02:13:42.995] [info] read page 218 from disk
[2023-10-14 02:13:42.995] [info] cache capacity: 20
[2023-10-14 02:13:42.995] [info] cache remove 199
[2023-10-14 02:13:42.995] [info] cache insert 219
[2023-10-14 02:13:42.995] [info] read page 219 from disk
[2023-10-14 02:13:42.995] [info] cache capacity: 20
[2023-10-14 02:13:42.995] [info] cache remove 200
[2023-10-14 02:13:42.995] [info] cache insert 220
[2023-10-14 02:13:42.995] [info] read page 220 from disk
[2023-10-14 02:13:42.995] [info] cache capacity: 20
[2023-10-14 02:13:42.995] [info] cache remove 201
[2023-10-14 02:13:42.995] [info] cache insert 221
[2023-10-14 02:13:42.995] [info] read page 221 from disk
[2023-10-14 02:13:42.995] [info] cache capacity: 20
[2023-10-14 02:13:42.995] [info] cache remove 202
[2023-10-14 02:13:42.996] [info] cache insert 222
[2023-10-14 02:13:42.996] [info] read page 222 from disk
[2023-10-14 02:13:42.996] [info] cache capacity: 20
[2023-10-14 02:13:42.996] [info] cache remove 203
[2023-10-14 02:13:42.996] [info] cache insert 223
[2023-10-14 02:13:42.996] [info] read page 223 from disk
[2023-10-14 02:13:42.996] [info] cache capacity: 20
[2023-10-14 02:13:42.996] [info] cache remove 204
[2023-10-14 02:13:42.996] [info] cache insert 224
[2023-10-14 02:13:42.996] [info] read page 224 from disk
[2023-10-14 02:13:42.996] [info] cache capacity: 20
[2023-10-14 02:13:42.996] [info] cache remove 205
[2023-10-14 02:13:42.996] [info] cache insert 225
[2023-10-14 02:13:42.996] [info] read page 225 from disk
[2023-10-14 02:13:42.996] [info] cache capacity: 20
[2023-10-14 02:13:42.996] [info] cache remove 206
[2023-10-14 02:13:42.996] [info] cache insert 226
[2023-10-14 02:13:42.996] [info] read page 226 from disk
[2023-10-14 02:13:42.996] [info] cache capacity: 20
[2023-10-14 02:13:42.996] [info] cache remove 207
[2023-10-14 02:13:42.996] [info] cache insert 227
[2023-10-14 02:13:42.996] [info] read page 227 from disk
[2023-10-14 02:13:42.996] [info] cache capacity: 20
[2023-10-14 02:13:42.996] [info] cache remove 208
[2023-10-14 02:13:42.996] [info] cache insert 228
[2023-10-14 02:13:42.996] [info] read page 228 from disk
[2023-10-14 02:13:42.996] [info] cache capacity: 20
[2023-10-14 02:13:42.996] [info] cache remove 209
[2023-10-14 02:13:42.996] [info] cache insert 229
[2023-10-14 02:13:42.996] [info] read page 229 from disk
[2023-10-14 02:13:42.996] [info] cache capacity: 20
[2023-10-14 02:13:42.996] [info] cache remove 210
[2023-10-14 02:13:42.996] [info] cache insert 230
[2023-10-14 02:13:42.996] [info] read page 230 from disk
[2023-10-14 02:13:42.996] [info] cache capacity: 20
[2023-10-14 02:13:42.996] [info] cache remove 211
[2023-10-14 02:13:42.996] [info] cache insert 231
[2023-10-14 02:13:42.996] [info] read page 231 from disk
[2023-10-14 02:13:42.996] [info] cache capacity: 20
[2023-10-14 02:13:42.996] [info] cache remove 212
[2023-10-14 02:13:42.997] [info] cache insert 232
[2023-10-14 02:13:42.997] [info] read page 232 from disk
[2023-10-14 02:13:42.997] [info] cache capacity: 20
[2023-10-14 02:13:42.997] [info] cache remove 213
[2023-10-14 02:13:42.997] [info] cache insert 233
[2023-10-14 02:13:42.997] [info] read page 233 from disk
[2023-10-14 02:13:42.997] [info] cache capacity: 20
[2023-10-14 02:13:42.997] [info] cache remove 214
[2023-10-14 02:13:42.997] [info] cache insert 234
[2023-10-14 02:13:42.997] [info] read page 234 from disk
[2023-10-14 02:13:42.997] [info] cache capacity: 20
[2023-10-14 02:13:42.997] [info] cache remove 215
[2023-10-14 02:13:42.997] [info] cache insert 235
[2023-10-14 02:13:42.997] [info] read page 235 from disk
[2023-10-14 02:13:42.997] [info] cache capacity: 20
[2023-10-14 02:13:42.997] [info] cache remove 216
[2023-10-14 02:13:42.997] [info] cache insert 236
[2023-10-14 02:13:42.997] [info] read page 236 from disk
[2023-10-14 02:13:42.997] [info] cache capacity: 20
[2023-10-14 02:13:42.997] [info] cache remove 217
[2023-10-14 02:13:42.997] [info] cache insert 237
[2023-10-14 02:13:42.997] [info] read page 237 from disk
[2023-10-14 02:13:42.997] [info] cache capacity: 20
[2023-10-14 02:13:42.997] [info] cache remove 218
[2023-10-14 02:13:42.997] [info] cache insert 238
[2023-10-14 02:13:42.997] [info] read page 238 from disk
[2023-10-14 02:13:42.997] [info] cache capacity: 20
[2023-10-14 02:13:42.997] [info] cache remove 219
[2023-10-14 02:13:42.997] [info] cache insert 239
[2023-10-14 02:13:42.997] [info] read page 239 from disk
[2023-10-14 02:13:42.997] [info] cache capacity: 20
[2023-10-14 02:13:42.997] [info] cache remove 220
[2023-10-14 02:13:42.997] [info] cache insert 240
[2023-10-14 02:13:42.997] [info] read page 240 from disk
[2023-10-14 02:13:42.997] [info] cache capacity: 20
[2023-10-14 02:13:42.997] [info] cache remove 221
[2023-10-14 02:13:42.997] [info] cache insert 241
[2023-10-14 02:13:42.998] [info] read page 241 from disk
[2023-10-14 02:13:42.998] [info] cache capacity: 20
[2023-10-14 02:13:42.998] [info] cache remove 222
[2023-10-14 02:13:42.998] [info] cache insert 242
[2023-10-14 02:13:42.998] [info] read page 242 from disk
[2023-10-14 02:13:42.998] [info] cache capacity: 20
[2023-10-14 02:13:42.998] [info] cache remove 223
[2023-10-14 02:13:42.998] [info] cache insert 243
[2023-10-14 02:13:42.998] [info] read page 243 from disk
[2023-10-14 02:13:42.998] [info] cache capacity: 20
[2023-10-14 02:13:42.998] [info] cache remove 224
[2023-10-14 02:13:42.998] [info] cache insert 244
[2023-10-14 02:13:42.998] [info] read page 244 from disk
[2023-10-14 02:13:42.998] [info] cache capacity: 20
[2023-10-14 02:13:42.998] [info] cache remove 225
[2023-10-14 02:13:42.998] [info] cache insert 245
[2023-10-14 02:13:42.998] [info] read page 245 from disk
[2023-10-14 02:13:42.998] [info] cache capacity: 20
[2023-10-14 02:13:42.998] [info] cache remove 226
[2023-10-14 02:13:42.998] [info] cache insert 246
[2023-10-14 02:13:42.998] [info] read page 246 from disk
[2023-10-14 02:13:42.998] [info] cache capacity: 20
[2023-10-14 02:13:42.998] [info] cache remove 227
[2023-10-14 02:13:42.998] [info] cache insert 247
[2023-10-14 02:13:42.998] [info] read page 247 from disk
[2023-10-14 02:13:42.998] [info] cache capacity: 20
[2023-10-14 02:13:42.998] [info] cache remove 228
[2023-10-14 02:13:42.998] [info] cache insert 248
[2023-10-14 02:13:42.998] [info] read page 248 from disk
[2023-10-14 02:13:42.998] [info] cache capacity: 20
[2023-10-14 02:13:42.998] [info] cache remove 229
[2023-10-14 02:13:42.998] [info] cache insert 249
[2023-10-14 02:13:42.998] [info] read page 249 from disk
[2023-10-14 02:13:42.998] [info] cache capacity: 20
[2023-10-14 02:13:42.998] [info] cache remove 230
[2023-10-14 02:13:42.998] [info] cache insert 250
[2023-10-14 02:13:42.998] [info] read page 250 from disk
[2023-10-14 02:13:42.998] [info] cache capacity: 20
[2023-10-14 02:13:42.999] [info] cache remove 231
[2023-10-14 02:13:42.999] [info] cache insert 251
[2023-10-14 02:13:42.999] [info] read page 251 from disk
[2023-10-14 02:13:42.999] [info] cache capacity: 20
[2023-10-14 02:13:42.999] [info] cache remove 232
[2023-10-14 02:13:42.999] [info] cache insert 252
[2023-10-14 02:13:42.999] [info] read page 252 from disk
[2023-10-14 02:13:42.999] [info] cache capacity: 20
[2023-10-14 02:13:42.999] [info] cache remove 233
[2023-10-14 02:13:42.999] [info] cache insert 253
[2023-10-14 02:13:42.999] [info] read page 253 from disk
[2023-10-14 02:13:42.999] [info] cache capacity: 20
[2023-10-14 02:13:42.999] [info] cache remove 234
[2023-10-14 02:13:42.999] [info] cache insert 254
[2023-10-14 02:13:42.999] [info] read page 254 from disk
[2023-10-14 02:13:42.999] [info] cache capacity: 20
[2023-10-14 02:13:42.999] [info] cache remove 235
[2023-10-14 02:13:42.999] [info] cache insert 255
[2023-10-14 02:13:42.999] [info] read page 255 from disk
[2023-10-14 02:13:42.999] [info] flush 255
[2023-10-14 02:13:42.999] [info] flush 254
[2023-10-14 02:13:42.999] [info] flush 253
[2023-10-14 02:13:42.999] [info] flush 252
[2023-10-14 02:13:42.999] [info] flush 251
[2023-10-14 02:13:42.999] [info] flush 250
[2023-10-14 02:13:42.999] [info] flush 249
[2023-10-14 02:13:42.999] [info] flush 248
[2023-10-14 02:13:42.999] [info] flush 247
[2023-10-14 02:13:42.999] [info] flush 246
[2023-10-14 02:13:42.999] [info] flush 245
[2023-10-14 02:13:42.999] [info] flush 244
[2023-10-14 02:13:42.999] [info] flush 243
[2023-10-14 02:13:42.999] [info] flush 242
[2023-10-14 02:13:42.999] [info] flush 241
[2023-10-14 02:13:42.999] [info] flush 240
[2023-10-14 02:13:42.999] [info] flush 239
[2023-10-14 02:13:42.999] [info] flush 238
[2023-10-14 02:13:42.999] [info] flush 237
[2023-10-14 02:13:42.999] [info] flush 236
[2023-10-14 02:13:43.000] [info] cache capacity: 0
[2023-10-14 02:13:43.000] [info] cache insert 0
[2023-10-14 02:13:43.000] [info] read page 0 from disk
[2023-10-14 02:13:43.000] [info] cache capacity: 1
[2023-10-14 02:13:43.000] [info] cache insert 1
[2023-10-14 02:13:43.000] [info] read page 1 from disk
[2023-10-14 02:13:43.000] [info] cache capacity: 2
[2023-10-14 02:13:43.000] [info] cache insert 2
[2023-10-14 02:13:43.000] [info] read page 2 from disk
[2023-10-14 02:13:43.000] [info] cache capacity: 3
[2023-10-14 02:13:43.000] [info] cache insert 3
[2023-10-14 02:13:43.000] [info] read page 3 from disk
[2023-10-14 02:13:43.000] [info] cache capacity: 4
[2023-10-14 02:13:43.000] [info] cache insert 4
[2023-10-14 02:13:43.000] [info] read page 4 from disk
[2023-10-14 02:13:43.000] [info] cache capacity: 5
[2023-10-14 02:13:43.000] [info] cache insert 5
[2023-10-14 02:13:43.000] [info] read page 5 from disk
[2023-10-14 02:13:43.000] [info] cache capacity: 6
[2023-10-14 02:13:43.000] [info] cache insert 6
[2023-10-14 02:13:43.000] [info] read page 6 from disk
[2023-10-14 02:13:43.000] [info] cache capacity: 7
[2023-10-14 02:13:43.000] [info] cache insert 7
[2023-10-14 02:13:43.000] [info] read page 7 from disk
[2023-10-14 02:13:43.000] [info] cache capacity: 8
[2023-10-14 02:13:43.000] [info] cache insert 8
[2023-10-14 02:13:43.000] [info] read page 8 from disk
[2023-10-14 02:13:43.000] [info] cache capacity: 9
[2023-10-14 02:13:43.000] [info] cache insert 9
[2023-10-14 02:13:43.000] [info] read page 9 from disk
[2023-10-14 02:13:43.000] [info] cache capacity: 10
[2023-10-14 02:13:43.000] [info] cache insert 10
[2023-10-14 02:13:43.000] [info] read page 10 from disk
[2023-10-14 02:13:43.000] [info] cache capacity: 11
[2023-10-14 02:13:43.000] [info] cache insert 11
[2023-10-14 02:13:43.000] [info] read page 11 from disk
[2023-10-14 02:13:43.000] [info] cache capacity: 12
[2023-10-14 02:13:43.000] [info] cache insert 12
[2023-10-14 02:13:43.000] [info] read page 12 from disk
[2023-10-14 02:13:43.000] [info] cache capacity: 13
[2023-10-14 02:13:43.000] [info] cache insert 13
[2023-10-14 02:13:43.000] [info] read page 13 from disk
[2023-10-14 02:13:43.001] [info] cache capacity: 14
[2023-10-14 02:13:43.001] [info] cache insert 14
[2023-10-14 02:13:43.001] [info] read page 14 from disk
[2023-10-14 02:13:43.001] [info] cache capacity: 15
[2023-10-14 02:13:43.001] [info] cache insert 15
[2023-10-14 02:13:43.001] [info] read page 15 from disk
[2023-10-14 02:13:43.001] [info] cache capacity: 16
[2023-10-14 02:13:43.001] [info] cache insert 16
[2023-10-14 02:13:43.001] [info] read page 16 from disk
[2023-10-14 02:13:43.001] [info] cache capacity: 17
[2023-10-14 02:13:43.001] [info] cache insert 17
[2023-10-14 02:13:43.001] [info] read page 17 from disk
[2023-10-14 02:13:43.001] [info] cache capacity: 18
[2023-10-14 02:13:43.001] [info] cache insert 18
[2023-10-14 02:13:43.001] [info] read page 18 from disk
[2023-10-14 02:13:43.001] [info] cache capacity: 19
[2023-10-14 02:13:43.001] [info] cache insert 19
[2023-10-14 02:13:43.001] [info] read page 19 from disk
[2023-10-14 02:13:43.001] [info] cache capacity: 20
[2023-10-14 02:13:43.001] [info] cache remove 0
[2023-10-14 02:13:43.001] [info] cache insert 20
[2023-10-14 02:13:43.001] [info] read page 20 from disk
[2023-10-14 02:13:43.001] [info] cache capacity: 20
[2023-10-14 02:13:43.001] [info] cache remove 1
[2023-10-14 02:13:43.001] [info] cache insert 21
[2023-10-14 02:13:43.001] [info] read page 21 from disk
[2023-10-14 02:13:43.001] [info] cache capacity: 20
[2023-10-14 02:13:43.001] [info] cache remove 2
[2023-10-14 02:13:43.001] [info] cache insert 22
[2023-10-14 02:13:43.001] [info] read page 22 from disk
[2023-10-14 02:13:43.001] [info] cache capacity: 20
[2023-10-14 02:13:43.001] [info] cache remove 3
[2023-10-14 02:13:43.001] [info] cache insert 23
[2023-10-14 02:13:43.001] [info] read page 23 from disk
[2023-10-14 02:13:43.001] [info] cache capacity: 20
[2023-10-14 02:13:43.001] [info] cache remove 4
[2023-10-14 02:13:43.001] [info] cache insert 24
[2023-10-14 02:13:43.001] [info] read page 24 from disk
[2023-10-14 02:13:43.001] [info] cache capacity: 20
[2023-10-14 02:13:43.001] [info] cache remove 5
[2023-10-14 02:13:43.001] [info] cache insert 25
[2023-10-14 02:13:43.001] [info] read page 25 from disk
[2023-10-14 02:13:43.001] [info] cache capacity: 20
[2023-10-14 02:13:43.001] [info] cache remove 6
[2023-10-14 02:13:43.001] [info] cache insert 26
[2023-10-14 02:13:43.001] [info] read page 26 from disk
[2023-10-14 02:13:43.001] [info] cache capacity: 20
[2023-10-14 02:13:43.001] [info] cache remove 7
[2023-10-14 02:13:43.001] [info] cache insert 27
[2023-10-14 02:13:43.002] [info] read page 27 from disk
[2023-10-14 02:13:43.002] [info] cache capacity: 20
[2023-10-14 02:13:43.002] [info] cache remove 8
[2023-10-14 02:13:43.002] [info] cache insert 28
[2023-10-14 02:13:43.002] [info] read page 28 from disk
[2023-10-14 02:13:43.002] [info] cache capacity: 20
[2023-10-14 02:13:43.002] [info] cache remove 9
[2023-10-14 02:13:43.002] [info] cache insert 29
[2023-10-14 02:13:43.002] [info] read page 29 from disk
[2023-10-14 02:13:43.002] [info] cache capacity: 20
[2023-10-14 02:13:43.002] [info] cache remove 10
[2023-10-14 02:13:43.002] [info] cache insert 30
[2023-10-14 02:13:43.002] [info] read page 30 from disk
[2023-10-14 02:13:43.002] [info] cache capacity: 20
[2023-10-14 02:13:43.002] [info] cache remove 11
[2023-10-14 02:13:43.002] [info] cache insert 31
[2023-10-14 02:13:43.002] [info] read page 31 from disk
[2023-10-14 02:13:43.002] [info] cache capacity: 20
[2023-10-14 02:13:43.002] [info] cache remove 12
[2023-10-14 02:13:43.002] [info] cache insert 32
[2023-10-14 02:13:43.002] [info] read page 32 from disk
[2023-10-14 02:13:43.002] [info] cache capacity: 20
[2023-10-14 02:13:43.002] [info] cache remove 13
[2023-10-14 02:13:43.002] [info] cache insert 33
[2023-10-14 02:13:43.002] [info] read page 33 from disk
[2023-10-14 02:13:43.002] [info] cache capacity: 20
[2023-10-14 02:13:43.002] [info] cache remove 14
[2023-10-14 02:13:43.002] [info] cache insert 34
[2023-10-14 02:13:43.002] [info] read page 34 from disk
[2023-10-14 02:13:43.002] [info] cache capacity: 20
[2023-10-14 02:13:43.002] [info] cache remove 15
[2023-10-14 02:13:43.002] [info] cache insert 35
[2023-10-14 02:13:43.002] [info] read page 35 from disk
[2023-10-14 02:13:43.002] [info] cache capacity: 20
[2023-10-14 02:13:43.002] [info] cache remove 16
[2023-10-14 02:13:43.002] [info] cache insert 36
[2023-10-14 02:13:43.002] [info] read page 36 from disk
[2023-10-14 02:13:43.002] [info] cache capacity: 20
[2023-10-14 02:13:43.002] [info] cache remove 17
[2023-10-14 02:13:43.002] [info] cache insert 37
[2023-10-14 02:13:43.002] [info] read page 37 from disk
[2023-10-14 02:13:43.002] [info] cache capacity: 20
[2023-10-14 02:13:43.002] [info] cache remove 18
[2023-10-14 02:13:43.002] [info] cache insert 38
[2023-10-14 02:13:43.002] [info] read page 38 from disk
[2023-10-14 02:13:43.002] [info] cache capacity: 20
[2023-10-14 02:13:43.003] [info] cache remove 19
[2023-10-14 02:13:43.003] [info] cache insert 39
[2023-10-14 02:13:43.003] [info] read page 39 from disk
[2023-10-14 02:13:43.003] [info] cache capacity: 20
[2023-10-14 02:13:43.003] [info] cache remove 20
[2023-10-14 02:13:43.003] [info] cache insert 40
[2023-10-14 02:13:43.003] [info] read page 40 from disk
[2023-10-14 02:13:43.003] [info] cache capacity: 20
[2023-10-14 02:13:43.003] [info] cache remove 21
[2023-10-14 02:13:43.003] [info] cache insert 41
[2023-10-14 02:13:43.003] [info] read page 41 from disk
[2023-10-14 02:13:43.003] [info] cache capacity: 20
[2023-10-14 02:13:43.003] [info] cache remove 22
[2023-10-14 02:13:43.003] [info] cache insert 42
[2023-10-14 02:13:43.003] [info] read page 42 from disk
[2023-10-14 02:13:43.003] [info] cache capacity: 20
[2023-10-14 02:13:43.003] [info] cache remove 23
[2023-10-14 02:13:43.003] [info] cache insert 43
[2023-10-14 02:13:43.003] [info] read page 43 from disk
[2023-10-14 02:13:43.003] [info] cache capacity: 20
[2023-10-14 02:13:43.003] [info] cache remove 24
[2023-10-14 02:13:43.003] [info] cache insert 44
[2023-10-14 02:13:43.003] [info] read page 44 from disk
[2023-10-14 02:13:43.003] [info] cache capacity: 20
[2023-10-14 02:13:43.003] [info] cache remove 25
[2023-10-14 02:13:43.003] [info] cache insert 45
[2023-10-14 02:13:43.003] [info] read page 45 from disk
[2023-10-14 02:13:43.003] [info] cache capacity: 20
[2023-10-14 02:13:43.003] [info] cache remove 26
[2023-10-14 02:13:43.003] [info] cache insert 46
[2023-10-14 02:13:43.003] [info] read page 46 from disk
[2023-10-14 02:13:43.003] [info] cache capacity: 20
[2023-10-14 02:13:43.003] [info] cache remove 27
[2023-10-14 02:13:43.003] [info] cache insert 47
[2023-10-14 02:13:43.003] [info] read page 47 from disk
[2023-10-14 02:13:43.003] [info] cache capacity: 20
[2023-10-14 02:13:43.003] [info] cache remove 28
[2023-10-14 02:13:43.003] [info] cache insert 48
[2023-10-14 02:13:43.003] [info] read page 48 from disk
[2023-10-14 02:13:43.003] [info] cache capacity: 20
[2023-10-14 02:13:43.003] [info] cache remove 29
[2023-10-14 02:13:43.003] [info] cache insert 49
[2023-10-14 02:13:43.003] [info] read page 49 from disk
[2023-10-14 02:13:43.003] [info] cache capacity: 20
[2023-10-14 02:13:43.003] [info] cache remove 30
[2023-10-14 02:13:43.003] [info] cache insert 50
[2023-10-14 02:13:43.003] [info] read page 50 from disk
[2023-10-14 02:13:43.003] [info] cache capacity: 20
[2023-10-14 02:13:43.003] [info] cache remove 31
[2023-10-14 02:13:43.003] [info] cache insert 51
[2023-10-14 02:13:43.004] [info] read page 51 from disk
[2023-10-14 02:13:43.004] [info] cache capacity: 20
[2023-10-14 02:13:43.004] [info] cache remove 32
[2023-10-14 02:13:43.004] [info] cache insert 52
[2023-10-14 02:13:43.004] [info] read page 52 from disk
[2023-10-14 02:13:43.004] [info] cache capacity: 20
[2023-10-14 02:13:43.004] [info] cache remove 33
[2023-10-14 02:13:43.004] [info] cache insert 53
[2023-10-14 02:13:43.004] [info] read page 53 from disk
[2023-10-14 02:13:43.004] [info] cache capacity: 20
[2023-10-14 02:13:43.004] [info] cache remove 34
[2023-10-14 02:13:43.004] [info] cache insert 54
[2023-10-14 02:13:43.004] [info] read page 54 from disk
[2023-10-14 02:13:43.004] [info] cache capacity: 20
[2023-10-14 02:13:43.004] [info] cache remove 35
[2023-10-14 02:13:43.004] [info] cache insert 55
[2023-10-14 02:13:43.004] [info] read page 55 from disk
[2023-10-14 02:13:43.004] [info] cache capacity: 20
[2023-10-14 02:13:43.004] [info] cache remove 36
[2023-10-14 02:13:43.004] [info] cache insert 56
[2023-10-14 02:13:43.004] [info] read page 56 from disk
[2023-10-14 02:13:43.004] [info] cache capacity: 20
[2023-10-14 02:13:43.004] [info] cache remove 37
[2023-10-14 02:13:43.004] [info] cache insert 57
[2023-10-14 02:13:43.004] [info] read page 57 from disk
[2023-10-14 02:13:43.004] [info] cache capacity: 20
[2023-10-14 02:13:43.004] [info] cache remove 38
[2023-10-14 02:13:43.004] [info] cache insert 58
[2023-10-14 02:13:43.004] [info] read page 58 from disk
[2023-10-14 02:13:43.004] [info] cache capacity: 20
[2023-10-14 02:13:43.004] [info] cache remove 39
[2023-10-14 02:13:43.004] [info] cache insert 59
[2023-10-14 02:13:43.004] [info] read page 59 from disk
[2023-10-14 02:13:43.004] [info] cache capacity: 20
[2023-10-14 02:13:43.004] [info] cache remove 40
[2023-10-14 02:13:43.004] [info] cache insert 60
[2023-10-14 02:13:43.004] [info] read page 60 from disk
[2023-10-14 02:13:43.004] [info] cache capacity: 20
[2023-10-14 02:13:43.004] [info] cache remove 41
[2023-10-14 02:13:43.004] [info] cache insert 61
[2023-10-14 02:13:43.004] [info] read page 61 from disk
[2023-10-14 02:13:43.004] [info] cache capacity: 20
[2023-10-14 02:13:43.004] [info] cache remove 42
[2023-10-14 02:13:43.004] [info] cache insert 62
[2023-10-14 02:13:43.004] [info] read page 62 from disk
[2023-10-14 02:13:43.004] [info] cache capacity: 20
[2023-10-14 02:13:43.004] [info] cache remove 43
[2023-10-14 02:13:43.004] [info] cache insert 63
[2023-10-14 02:13:43.004] [info] read page 63 from disk
[2023-10-14 02:13:43.004] [info] cache capacity: 20
[2023-10-14 02:13:43.005] [info] cache remove 44
[2023-10-14 02:13:43.005] [info] cache insert 64
[2023-10-14 02:13:43.005] [info] read page 64 from disk
[2023-10-14 02:13:43.005] [info] cache capacity: 20
[2023-10-14 02:13:43.005] [info] cache remove 45
[2023-10-14 02:13:43.005] [info] cache insert 65
[2023-10-14 02:13:43.005] [info] read page 65 from disk
[2023-10-14 02:13:43.005] [info] cache capacity: 20
[2023-10-14 02:13:43.005] [info] cache remove 46
[2023-10-14 02:13:43.005] [info] cache insert 66
[2023-10-14 02:13:43.005] [info] read page 66 from disk
[2023-10-14 02:13:43.005] [info] cache capacity: 20
[2023-10-14 02:13:43.005] [info] cache remove 47
[2023-10-14 02:13:43.005] [info] cache insert 67
[2023-10-14 02:13:43.005] [info] read page 67 from disk
[2023-10-14 02:13:43.005] [info] cache capacity: 20
[2023-10-14 02:13:43.005] [info] cache remove 48
[2023-10-14 02:13:43.005] [info] cache insert 68
[2023-10-14 02:13:43.005] [info] read page 68 from disk
[2023-10-14 02:13:43.005] [info] cache capacity: 20
[2023-10-14 02:13:43.005] [info] cache remove 49
[2023-10-14 02:13:43.005] [info] cache insert 69
[2023-10-14 02:13:43.005] [info] read page 69 from disk
[2023-10-14 02:13:43.005] [info] cache capacity: 20
[2023-10-14 02:13:43.005] [info] cache remove 50
[2023-10-14 02:13:43.005] [info] cache insert 70
[2023-10-14 02:13:43.006] [info] read page 70 from disk
[2023-10-14 02:13:43.006] [info] cache capacity: 20
[2023-10-14 02:13:43.006] [info] cache remove 51
[2023-10-14 02:13:43.006] [info] cache insert 71
[2023-10-14 02:13:43.006] [info] read page 71 from disk
[2023-10-14 02:13:43.006] [info] cache capacity: 20
[2023-10-14 02:13:43.006] [info] cache remove 52
[2023-10-14 02:13:43.006] [info] cache insert 72
[2023-10-14 02:13:43.006] [info] read page 72 from disk
[2023-10-14 02:13:43.006] [info] cache capacity: 20
[2023-10-14 02:13:43.006] [info] cache remove 53
[2023-10-14 02:13:43.006] [info] cache insert 73
[2023-10-14 02:13:43.006] [info] read page 73 from disk
[2023-10-14 02:13:43.006] [info] cache capacity: 20
[2023-10-14 02:13:43.006] [info] cache remove 54
[2023-10-14 02:13:43.006] [info] cache insert 74
[2023-10-14 02:13:43.006] [info] read page 74 from disk
[2023-10-14 02:13:43.006] [info] cache capacity: 20
[2023-10-14 02:13:43.006] [info] cache remove 55
[2023-10-14 02:13:43.006] [info] cache insert 75
[2023-10-14 02:13:43.006] [info] read page 75 from disk
[2023-10-14 02:13:43.006] [info] cache capacity: 20
[2023-10-14 02:13:43.006] [info] cache remove 56
[2023-10-14 02:13:43.006] [info] cache insert 76
[2023-10-14 02:13:43.006] [info] read page 76 from disk
[2023-10-14 02:13:43.006] [info] cache capacity: 20
[2023-10-14 02:13:43.006] [info] cache remove 57
[2023-10-14 02:13:43.006] [info] cache insert 77
[2023-10-14 02:13:43.006] [info] read page 77 from disk
[2023-10-14 02:13:43.006] [info] cache capacity: 20
[2023-10-14 02:13:43.006] [info] cache remove 58
[2023-10-14 02:13:43.006] [info] cache insert 78
[2023-10-14 02:13:43.006] [info] read page 78 from disk
[2023-10-14 02:13:43.006] [info] cache capacity: 20
[2023-10-14 02:13:43.006] [info] cache remove 59
[2023-10-14 02:13:43.006] [info] cache insert 79
[2023-10-14 02:13:43.007] [info] read page 79 from disk
[2023-10-14 02:13:43.007] [info] cache capacity: 20
[2023-10-14 02:13:43.007] [info] cache remove 60
[2023-10-14 02:13:43.007] [info] cache insert 80
[2023-10-14 02:13:43.007] [info] read page 80 from disk
[2023-10-14 02:13:43.007] [info] cache capacity: 20
[2023-10-14 02:13:43.007] [info] cache remove 61
[2023-10-14 02:13:43.007] [info] cache insert 81
[2023-10-14 02:13:43.007] [info] read page 81 from disk
[2023-10-14 02:13:43.007] [info] cache capacity: 20
[2023-10-14 02:13:43.007] [info] cache remove 62
[2023-10-14 02:13:43.007] [info] cache insert 82
[2023-10-14 02:13:43.007] [info] read page 82 from disk
[2023-10-14 02:13:43.007] [info] cache capacity: 20
[2023-10-14 02:13:43.007] [info] cache remove 63
[2023-10-14 02:13:43.007] [info] cache insert 83
[2023-10-14 02:13:43.007] [info] read page 83 from disk
[2023-10-14 02:13:43.007] [info] cache capacity: 20
[2023-10-14 02:13:43.007] [info] cache remove 64
[2023-10-14 02:13:43.007] [info] cache insert 84
[2023-10-14 02:13:43.007] [info] read page 84 from disk
[2023-10-14 02:13:43.007] [info] cache capacity: 20
[2023-10-14 02:13:43.007] [info] cache remove 65
[2023-10-14 02:13:43.007] [info] cache insert 85
[2023-10-14 02:13:43.007] [info] read page 85 from disk
[2023-10-14 02:13:43.007] [info] cache capacity: 20
[2023-10-14 02:13:43.008] [info] cache remove 66
[2023-10-14 02:13:43.008] [info] cache insert 86
[2023-10-14 02:13:43.008] [info] read page 86 from disk
[2023-10-14 02:13:43.008] [info] cache capacity: 20
[2023-10-14 02:13:43.008] [info] cache remove 67
[2023-10-14 02:13:43.008] [info] cache insert 87
[2023-10-14 02:13:43.008] [info] read page 87 from disk
[2023-10-14 02:13:43.008] [info] cache capacity: 20
[2023-10-14 02:13:43.008] [info] cache remove 68
[2023-10-14 02:13:43.008] [info] cache insert 88
[2023-10-14 02:13:43.008] [info] read page 88 from disk
[2023-10-14 02:13:43.008] [info] cache capacity: 20
[2023-10-14 02:13:43.008] [info] cache remove 69
[2023-10-14 02:13:43.008] [info] cache insert 89
[2023-10-14 02:13:43.008] [info] read page 89 from disk
[2023-10-14 02:13:43.008] [info] cache capacity: 20
[2023-10-14 02:13:43.008] [info] cache remove 70
[2023-10-14 02:13:43.008] [info] cache insert 90
[2023-10-14 02:13:43.008] [info] read page 90 from disk
[2023-10-14 02:13:43.008] [info] cache capacity: 20
[2023-10-14 02:13:43.008] [info] cache remove 71
[2023-10-14 02:13:43.008] [info] cache insert 91
[2023-10-14 02:13:43.008] [info] read page 91 from disk
[2023-10-14 02:13:43.008] [info] cache capacity: 20
[2023-10-14 02:13:43.008] [info] cache remove 72
[2023-10-14 02:13:43.008] [info] cache insert 92
[2023-10-14 02:13:43.008] [info] read page 92 from disk
[2023-10-14 02:13:43.008] [info] cache capacity: 20
[2023-10-14 02:13:43.008] [info] cache remove 73
[2023-10-14 02:13:43.008] [info] cache insert 93
[2023-10-14 02:13:43.008] [info] read page 93 from disk
[2023-10-14 02:13:43.008] [info] cache capacity: 20
[2023-10-14 02:13:43.008] [info] cache remove 74
[2023-10-14 02:13:43.008] [info] cache insert 94
[2023-10-14 02:13:43.008] [info] read page 94 from disk
[2023-10-14 02:13:43.008] [info] cache capacity: 20
[2023-10-14 02:13:43.008] [info] cache remove 75
[2023-10-14 02:13:43.008] [info] cache insert 95
[2023-10-14 02:13:43.008] [info] read page 95 from disk
[2023-10-14 02:13:43.008] [info] cache capacity: 20
[2023-10-14 02:13:43.008] [info] cache remove 76
[2023-10-14 02:13:43.008] [info] cache insert 96
[2023-10-14 02:13:43.008] [info] read page 96 from disk
[2023-10-14 02:13:43.008] [info] cache capacity: 20
[2023-10-14 02:13:43.008] [info] cache remove 77
[2023-10-14 02:13:43.008] [info] cache insert 97
[2023-10-14 02:13:43.008] [info] read page 97 from disk
[2023-10-14 02:13:43.008] [info] cache capacity: 20
[2023-10-14 02:13:43.008] [info] cache remove 78
[2023-10-14 02:13:43.008] [info] cache insert 98
[2023-10-14 02:13:43.009] [info] read page 98 from disk
[2023-10-14 02:13:43.009] [info] cache capacity: 20
[2023-10-14 02:13:43.009] [info] cache remove 79
[2023-10-14 02:13:43.009] [info] cache insert 99
[2023-10-14 02:13:43.009] [info] read page 99 from disk
[2023-10-14 02:13:43.009] [info] cache capacity: 20
[2023-10-14 02:13:43.009] [info] cache remove 80
[2023-10-14 02:13:43.009] [info] cache insert 100
[2023-10-14 02:13:43.009] [info] read page 100 from disk
[2023-10-14 02:13:43.009] [info] cache capacity: 20
[2023-10-14 02:13:43.009] [info] cache remove 81
[2023-10-14 02:13:43.009] [info] cache insert 101
[2023-10-14 02:13:43.009] [info] read page 101 from disk
[2023-10-14 02:13:43.009] [info] cache capacity: 20
[2023-10-14 02:13:43.009] [info] cache remove 82
[2023-10-14 02:13:43.009] [info] cache insert 102
[2023-10-14 02:13:43.009] [info] read page 102 from disk
[2023-10-14 02:13:43.009] [info] cache capacity: 20
[2023-10-14 02:13:43.009] [info] cache remove 83
[2023-10-14 02:13:43.009] [info] cache insert 103
[2023-10-14 02:13:43.009] [info] read page 103 from disk
[2023-10-14 02:13:43.009] [info] cache capacity: 20
[2023-10-14 02:13:43.009] [info] cache remove 84
[2023-10-14 02:13:43.009] [info] cache insert 104
[2023-10-14 02:13:43.009] [info] read page 104 from disk
[2023-10-14 02:13:43.009] [info] cache capacity: 20
[2023-10-14 02:13:43.009] [info] cache remove 85
[2023-10-14 02:13:43.009] [info] cache insert 105
[2023-10-14 02:13:43.009] [info] read page 105 from disk
[2023-10-14 02:13:43.009] [info] cache capacity: 20
[2023-10-14 02:13:43.009] [info] cache remove 86
[2023-10-14 02:13:43.009] [info] cache insert 106
[2023-10-14 02:13:43.009] [info] read page 106 from disk
[2023-10-14 02:13:43.009] [info] cache capacity: 20
[2023-10-14 02:13:43.009] [info] cache remove 87
[2023-10-14 02:13:43.009] [info] cache insert 107
[2023-10-14 02:13:43.009] [info] read page 107 from disk
[2023-10-14 02:13:43.009] [info] cache capacity: 20
[2023-10-14 02:13:43.009] [info] cache remove 88
[2023-10-14 02:13:43.009] [info] cache insert 108
[2023-10-14 02:13:43.009] [info] read page 108 from disk
[2023-10-14 02:13:43.009] [info] cache capacity: 20
[2023-10-14 02:13:43.009] [info] cache remove 89
[2023-10-14 02:13:43.009] [info] cache insert 109
[2023-10-14 02:13:43.009] [info] read page 109 from disk
[2023-10-14 02:13:43.009] [info] cache capacity: 20
[2023-10-14 02:13:43.009] [info] cache remove 90
[2023-10-14 02:13:43.009] [info] cache insert 110
[2023-10-14 02:13:43.009] [info] read page 110 from disk
[2023-10-14 02:13:43.009] [info] cache capacity: 20
[2023-10-14 02:13:43.010] [info] cache remove 91
[2023-10-14 02:13:43.010] [info] cache insert 111
[2023-10-14 02:13:43.010] [info] read page 111 from disk
[2023-10-14 02:13:43.010] [info] cache capacity: 20
[2023-10-14 02:13:43.010] [info] cache remove 92
[2023-10-14 02:13:43.010] [info] cache insert 112
[2023-10-14 02:13:43.010] [info] read page 112 from disk
[2023-10-14 02:13:43.010] [info] cache capacity: 20
[2023-10-14 02:13:43.010] [info] cache remove 93
[2023-10-14 02:13:43.010] [info] cache insert 113
[2023-10-14 02:13:43.010] [info] read page 113 from disk
[2023-10-14 02:13:43.010] [info] cache capacity: 20
[2023-10-14 02:13:43.010] [info] cache remove 94
[2023-10-14 02:13:43.010] [info] cache insert 114
[2023-10-14 02:13:43.010] [info] read page 114 from disk
[2023-10-14 02:13:43.010] [info] cache capacity: 20
[2023-10-14 02:13:43.010] [info] cache remove 95
[2023-10-14 02:13:43.010] [info] cache insert 115
[2023-10-14 02:13:43.010] [info] read page 115 from disk
[2023-10-14 02:13:43.010] [info] cache capacity: 20
[2023-10-14 02:13:43.010] [info] cache remove 96
[2023-10-14 02:13:43.010] [info] cache insert 116
[2023-10-14 02:13:43.010] [info] read page 116 from disk
[2023-10-14 02:13:43.010] [info] cache capacity: 20
[2023-10-14 02:13:43.010] [info] cache remove 97
[2023-10-14 02:13:43.010] [info] cache insert 117
[2023-10-14 02:13:43.010] [info] read page 117 from disk
[2023-10-14 02:13:43.010] [info] cache capacity: 20
[2023-10-14 02:13:43.010] [info] cache remove 98
[2023-10-14 02:13:43.010] [info] cache insert 118
[2023-10-14 02:13:43.011] [info] read page 118 from disk
[2023-10-14 02:13:43.011] [info] cache capacity: 20
[2023-10-14 02:13:43.011] [info] cache remove 99
[2023-10-14 02:13:43.011] [info] cache insert 119
[2023-10-14 02:13:43.011] [info] read page 119 from disk
[2023-10-14 02:13:43.011] [info] cache capacity: 20
[2023-10-14 02:13:43.011] [info] cache remove 100
[2023-10-14 02:13:43.011] [info] cache insert 120
[2023-10-14 02:13:43.011] [info] read page 120 from disk
[2023-10-14 02:13:43.011] [info] cache capacity: 20
[2023-10-14 02:13:43.011] [info] cache remove 101
[2023-10-14 02:13:43.011] [info] cache insert 121
[2023-10-14 02:13:43.011] [info] read page 121 from disk
[2023-10-14 02:13:43.011] [info] cache capacity: 20
[2023-10-14 02:13:43.011] [info] cache remove 102
[2023-10-14 02:13:43.011] [info] cache insert 122
[2023-10-14 02:13:43.011] [info] read page 122 from disk
[2023-10-14 02:13:43.011] [info] cache capacity: 20
[2023-10-14 02:13:43.011] [info] cache remove 103
[2023-10-14 02:13:43.011] [info] cache insert 123
[2023-10-14 02:13:43.011] [info] read page 123 from disk
[2023-10-14 02:13:43.011] [info] cache capacity: 20
[2023-10-14 02:13:43.011] [info] cache remove 104
[2023-10-14 02:13:43.011] [info] cache insert 124
[2023-10-14 02:13:43.011] [info] read page 124 from disk
[2023-10-14 02:13:43.011] [info] cache capacity: 20
[2023-10-14 02:13:43.011] [info] cache remove 105
[2023-10-14 02:13:43.011] [info] cache insert 125
[2023-10-14 02:13:43.011] [info] read page 125 from disk
[2023-10-14 02:13:43.011] [info] cache capacity: 20
[2023-10-14 02:13:43.011] [info] cache remove 106
[2023-10-14 02:13:43.011] [info] cache insert 126
[2023-10-14 02:13:43.011] [info] read page 126 from disk
[2023-10-14 02:13:43.011] [info] cache capacity: 20
[2023-10-14 02:13:43.011] [info] cache remove 107
[2023-10-14 02:13:43.011] [info] cache insert 127
[2023-10-14 02:13:43.012] [info] read page 127 from disk
[2023-10-14 02:13:43.012] [info] cache capacity: 20
[2023-10-14 02:13:43.012] [info] cache remove 108
[2023-10-14 02:13:43.012] [info] cache insert 128
[2023-10-14 02:13:43.012] [info] read page 128 from disk
[2023-10-14 02:13:43.012] [info] cache capacity: 20
[2023-10-14 02:13:43.012] [info] cache remove 109
[2023-10-14 02:13:43.012] [info] cache insert 129
[2023-10-14 02:13:43.012] [info] read page 129 from disk
[2023-10-14 02:13:43.012] [info] cache capacity: 20
[2023-10-14 02:13:43.012] [info] cache remove 110
[2023-10-14 02:13:43.012] [info] cache insert 130
[2023-10-14 02:13:43.012] [info] read page 130 from disk
[2023-10-14 02:13:43.012] [info] cache capacity: 20
[2023-10-14 02:13:43.012] [info] cache remove 111
[2023-10-14 02:13:43.012] [info] cache insert 131
[2023-10-14 02:13:43.012] [info] read page 131 from disk
[2023-10-14 02:13:43.012] [info] cache capacity: 20
[2023-10-14 02:13:43.012] [info] cache remove 112
[2023-10-14 02:13:43.012] [info] cache insert 132
[2023-10-14 02:13:43.012] [info] read page 132 from disk
[2023-10-14 02:13:43.012] [info] cache capacity: 20
[2023-10-14 02:13:43.012] [info] cache remove 113
[2023-10-14 02:13:43.012] [info] cache insert 133
[2023-10-14 02:13:43.012] [info] read page 133 from disk
[2023-10-14 02:13:43.012] [info] cache capacity: 20
[2023-10-14 02:13:43.012] [info] cache remove 114
[2023-10-14 02:13:43.012] [info] cache insert 134
[2023-10-14 02:13:43.012] [info] read page 134 from disk
[2023-10-14 02:13:43.012] [info] cache capacity: 20
[2023-10-14 02:13:43.012] [info] cache remove 115
[2023-10-14 02:13:43.012] [info] cache insert 135
[2023-10-14 02:13:43.012] [info] read page 135 from disk
[2023-10-14 02:13:43.012] [info] cache capacity: 20
[2023-10-14 02:13:43.012] [info] cache remove 116
[2023-10-14 02:13:43.012] [info] cache insert 136
[2023-10-14 02:13:43.012] [info] read page 136 from disk
[2023-10-14 02:13:43.012] [info] cache capacity: 20
[2023-10-14 02:13:43.012] [info] cache remove 117
[2023-10-14 02:13:43.012] [info] cache insert 137
[2023-10-14 02:13:43.012] [info] read page 137 from disk
[2023-10-14 02:13:43.012] [info] cache capacity: 20
[2023-10-14 02:13:43.012] [info] cache remove 118
[2023-10-14 02:13:43.012] [info] cache insert 138
[2023-10-14 02:13:43.012] [info] read page 138 from disk
[2023-10-14 02:13:43.012] [info] cache capacity: 20
[2023-10-14 02:13:43.012] [info] cache remove 119
[2023-10-14 02:13:43.012] [info] cache insert 139
[2023-10-14 02:13:43.012] [info] read page 139 from disk
[2023-10-14 02:13:43.012] [info] cache capacity: 20
[2023-10-14 02:13:43.013] [info] cache remove 120
[2023-10-14 02:13:43.013] [info] cache insert 140
[2023-10-14 02:13:43.013] [info] read page 140 from disk
[2023-10-14 02:13:43.013] [info] cache capacity: 20
[2023-10-14 02:13:43.013] [info] cache remove 121
[2023-10-14 02:13:43.013] [info] cache insert 141
[2023-10-14 02:13:43.013] [info] read page 141 from disk
[2023-10-14 02:13:43.013] [info] cache capacity: 20
[2023-10-14 02:13:43.013] [info] cache remove 122
[2023-10-14 02:13:43.013] [info] cache insert 142
[2023-10-14 02:13:43.013] [info] read page 142 from disk
[2023-10-14 02:13:43.013] [info] cache capacity: 20
[2023-10-14 02:13:43.013] [info] cache remove 123
[2023-10-14 02:13:43.013] [info] cache insert 143
[2023-10-14 02:13:43.013] [info] read page 143 from disk
[2023-10-14 02:13:43.013] [info] cache capacity: 20
[2023-10-14 02:13:43.013] [info] cache remove 124
[2023-10-14 02:13:43.013] [info] cache insert 144
[2023-10-14 02:13:43.013] [info] read page 144 from disk
[2023-10-14 02:13:43.013] [info] cache capacity: 20
[2023-10-14 02:13:43.013] [info] cache remove 125
[2023-10-14 02:13:43.013] [info] cache insert 145
[2023-10-14 02:13:43.013] [info] read page 145 from disk
[2023-10-14 02:13:43.013] [info] cache capacity: 20
[2023-10-14 02:13:43.013] [info] cache remove 126
[2023-10-14 02:13:43.013] [info] cache insert 146
[2023-10-14 02:13:43.013] [info] read page 146 from disk
[2023-10-14 02:13:43.013] [info] cache capacity: 20
[2023-10-14 02:13:43.013] [info] cache remove 127
[2023-10-14 02:13:43.013] [info] cache insert 147
[2023-10-14 02:13:43.013] [info] read page 147 from disk
[2023-10-14 02:13:43.013] [info] cache capacity: 20
[2023-10-14 02:13:43.013] [info] cache remove 128
[2023-10-14 02:13:43.013] [info] cache insert 148
[2023-10-14 02:13:43.013] [info] read page 148 from disk
[2023-10-14 02:13:43.013] [info] cache capacity: 20
[2023-10-14 02:13:43.013] [info] cache remove 129
[2023-10-14 02:13:43.013] [info] cache insert 149
[2023-10-14 02:13:43.013] [info] read page 149 from disk
[2023-10-14 02:13:43.013] [info] cache capacity: 20
[2023-10-14 02:13:43.013] [info] cache remove 130
[2023-10-14 02:13:43.013] [info] cache insert 150
[2023-10-14 02:13:43.013] [info] read page 150 from disk
[2023-10-14 02:13:43.013] [info] cache capacity: 20
[2023-10-14 02:13:43.013] [info] cache remove 131
[2023-10-14 02:13:43.013] [info] cache insert 151
[2023-10-14 02:13:43.013] [info] read page 151 from disk
[2023-10-14 02:13:43.013] [info] cache capacity: 20
[2023-10-14 02:13:43.013] [info] cache remove 132
[2023-10-14 02:13:43.014] [info] cache insert 152
[2023-10-14 02:13:43.014] [info] read page 152 from disk
[2023-10-14 02:13:43.014] [info] cache capacity: 20
[2023-10-14 02:13:43.014] [info] cache remove 133
[2023-10-14 02:13:43.014] [info] cache insert 153
[2023-10-14 02:13:43.014] [info] read page 153 from disk
[2023-10-14 02:13:43.014] [info] cache capacity: 20
[2023-10-14 02:13:43.014] [info] cache remove 134
[2023-10-14 02:13:43.014] [info] cache insert 154
[2023-10-14 02:13:43.014] [info] read page 154 from disk
[2023-10-14 02:13:43.014] [info] cache capacity: 20
[2023-10-14 02:13:43.014] [info] cache remove 135
[2023-10-14 02:13:43.014] [info] cache insert 155
[2023-10-14 02:13:43.014] [info] read page 155 from disk
[2023-10-14 02:13:43.014] [info] cache capacity: 20
[2023-10-14 02:13:43.014] [info] cache remove 136
[2023-10-14 02:13:43.014] [info] cache insert 156
[2023-10-14 02:13:43.014] [info] read page 156 from disk
[2023-10-14 02:13:43.014] [info] cache capacity: 20
[2023-10-14 02:13:43.014] [info] cache remove 137
[2023-10-14 02:13:43.014] [info] cache insert 157
[2023-10-14 02:13:43.014] [info] read page 157 from disk
[2023-10-14 02:13:43.014] [info] cache capacity: 20
[2023-10-14 02:13:43.014] [info] cache remove 138
[2023-10-14 02:13:43.014] [info] cache insert 158
[2023-10-14 02:13:43.014] [info] read page 158 from disk
[2023-10-14 02:13:43.014] [info] cache capacity: 20
[2023-10-14 02:13:43.014] [info] cache remove 139
[2023-10-14 02:13:43.014] [info] cache insert 159
[2023-10-14 02:13:43.014] [info] read page 159 from disk
[2023-10-14 02:13:43.014] [info] cache capacity: 20
[2023-10-14 02:13:43.014] [info] cache remove 140
[2023-10-14 02:13:43.014] [info] cache insert 160
[2023-10-14 02:13:43.014] [info] read page 160 from disk
[2023-10-14 02:13:43.014] [info] cache capacity: 20
[2023-10-14 02:13:43.014] [info] cache remove 141
[2023-10-14 02:13:43.014] [info] cache insert 161
[2023-10-14 02:13:43.014] [info] read page 161 from disk
[2023-10-14 02:13:43.014] [info] cache capacity: 20
[2023-10-14 02:13:43.014] [info] cache remove 142
[2023-10-14 02:13:43.014] [info] cache insert 162
[2023-10-14 02:13:43.014] [info] read page 162 from disk
[2023-10-14 02:13:43.014] [info] cache capacity: 20
[2023-10-14 02:13:43.015] [info] cache remove 143
[2023-10-14 02:13:43.015] [info] cache insert 163
[2023-10-14 02:13:43.015] [info] read page 163 from disk
[2023-10-14 02:13:43.015] [info] cache capacity: 20
[2023-10-14 02:13:43.015] [info] cache remove 144
[2023-10-14 02:13:43.015] [info] cache insert 164
[2023-10-14 02:13:43.015] [info] read page 164 from disk
[2023-10-14 02:13:43.015] [info] cache capacity: 20
[2023-10-14 02:13:43.015] [info] cache remove 145
[2023-10-14 02:13:43.015] [info] cache insert 165
[2023-10-14 02:13:43.015] [info] read page 165 from disk
[2023-10-14 02:13:43.015] [info] cache capacity: 20
[2023-10-14 02:13:43.015] [info] cache remove 146
[2023-10-14 02:13:43.015] [info] cache insert 166
[2023-10-14 02:13:43.015] [info] read page 166 from disk
[2023-10-14 02:13:43.015] [info] cache capacity: 20
[2023-10-14 02:13:43.015] [info] cache remove 147
[2023-10-14 02:13:43.015] [info] cache insert 167
[2023-10-14 02:13:43.015] [info] read page 167 from disk
[2023-10-14 02:13:43.015] [info] cache capacity: 20
[2023-10-14 02:13:43.015] [info] cache remove 148
[2023-10-14 02:13:43.015] [info] cache insert 168
[2023-10-14 02:13:43.015] [info] read page 168 from disk
[2023-10-14 02:13:43.015] [info] cache capacity: 20
[2023-10-14 02:13:43.015] [info] cache remove 149
[2023-10-14 02:13:43.015] [info] cache insert 169
[2023-10-14 02:13:43.015] [info] read page 169 from disk
[2023-10-14 02:13:43.015] [info] cache capacity: 20
[2023-10-14 02:13:43.015] [info] cache remove 150
[2023-10-14 02:13:43.015] [info] cache insert 170
[2023-10-14 02:13:43.015] [info] read page 170 from disk
[2023-10-14 02:13:43.015] [info] cache capacity: 20
[2023-10-14 02:13:43.015] [info] cache remove 151
[2023-10-14 02:13:43.015] [info] cache insert 171
[2023-10-14 02:13:43.015] [info] read page 171 from disk
[2023-10-14 02:13:43.015] [info] cache capacity: 20
[2023-10-14 02:13:43.015] [info] cache remove 152
[2023-10-14 02:13:43.015] [info] cache insert 172
[2023-10-14 02:13:43.015] [info] read page 172 from disk
[2023-10-14 02:13:43.015] [info] cache capacity: 20
[2023-10-14 02:13:43.015] [info] cache remove 153
[2023-10-14 02:13:43.015] [info] cache insert 173
[2023-10-14 02:13:43.015] [info] read page 173 from disk
[2023-10-14 02:13:43.015] [info] cache capacity: 20
[2023-10-14 02:13:43.015] [info] cache remove 154
[2023-10-14 02:13:43.015] [info] cache insert 174
[2023-10-14 02:13:43.015] [info] read page 174 from disk
[2023-10-14 02:13:43.015] [info] cache capacity: 20
[2023-10-14 02:13:43.015] [info] cache remove 155
[2023-10-14 02:13:43.015] [info] cache insert 175
[2023-10-14 02:13:43.016] [info] read page 175 from disk
[2023-10-14 02:13:43.016] [info] cache capacity: 20
[2023-10-14 02:13:43.016] [info] cache remove 156
[2023-10-14 02:13:43.016] [info] cache insert 176
[2023-10-14 02:13:43.016] [info] read page 176 from disk
[2023-10-14 02:13:43.016] [info] cache capacity: 20
[2023-10-14 02:13:43.016] [info] cache remove 157
[2023-10-14 02:13:43.016] [info] cache insert 177
[2023-10-14 02:13:43.016] [info] read page 177 from disk
[2023-10-14 02:13:43.016] [info] cache capacity: 20
[2023-10-14 02:13:43.016] [info] cache remove 158
[2023-10-14 02:13:43.016] [info] cache insert 178
[2023-10-14 02:13:43.016] [info] read page 178 from disk
[2023-10-14 02:13:43.016] [info] cache capacity: 20
[2023-10-14 02:13:43.016] [info] cache remove 159
[2023-10-14 02:13:43.016] [info] cache insert 179
[2023-10-14 02:13:43.016] [info] read page 179 from disk
[2023-10-14 02:13:43.016] [info] cache capacity: 20
[2023-10-14 02:13:43.016] [info] cache remove 160
[2023-10-14 02:13:43.016] [info] cache insert 180
[2023-10-14 02:13:43.016] [info] read page 180 from disk
[2023-10-14 02:13:43.016] [info] cache capacity: 20
[2023-10-14 02:13:43.016] [info] cache remove 161
[2023-10-14 02:13:43.016] [info] cache insert 181
[2023-10-14 02:13:43.016] [info] read page 181 from disk
[2023-10-14 02:13:43.016] [info] cache capacity: 20
[2023-10-14 02:13:43.016] [info] cache remove 162
[2023-10-14 02:13:43.016] [info] cache insert 182
[2023-10-14 02:13:43.016] [info] read page 182 from disk
[2023-10-14 02:13:43.016] [info] cache capacity: 20
[2023-10-14 02:13:43.016] [info] cache remove 163
[2023-10-14 02:13:43.016] [info] cache insert 183
[2023-10-14 02:13:43.016] [info] read page 183 from disk
[2023-10-14 02:13:43.016] [info] cache capacity: 20
[2023-10-14 02:13:43.016] [info] cache remove 164
[2023-10-14 02:13:43.016] [info] cache insert 184
[2023-10-14 02:13:43.016] [info] read page 184 from disk
[2023-10-14 02:13:43.016] [info] cache capacity: 20
[2023-10-14 02:13:43.016] [info] cache remove 165
[2023-10-14 02:13:43.016] [info] cache insert 185
[2023-10-14 02:13:43.016] [info] read page 185 from disk
[2023-10-14 02:13:43.016] [info] cache capacity: 20
[2023-10-14 02:13:43.016] [info] cache remove 166
[2023-10-14 02:13:43.016] [info] cache insert 186
[2023-10-14 02:13:43.016] [info] read page 186 from disk
[2023-10-14 02:13:43.016] [info] cache capacity: 20
[2023-10-14 02:13:43.016] [info] cache remove 167
[2023-10-14 02:13:43.016] [info] cache insert 187
[2023-10-14 02:13:43.016] [info] read page 187 from disk
[2023-10-14 02:13:43.017] [info] cache capacity: 20
[2023-10-14 02:13:43.017] [info] cache remove 168
[2023-10-14 02:13:43.017] [info] cache insert 188
[2023-10-14 02:13:43.017] [info] read page 188 from disk
[2023-10-14 02:13:43.017] [info] cache capacity: 20
[2023-10-14 02:13:43.017] [info] cache remove 169
[2023-10-14 02:13:43.017] [info] cache insert 189
[2023-10-14 02:13:43.017] [info] read page 189 from disk
[2023-10-14 02:13:43.017] [info] cache capacity: 20
[2023-10-14 02:13:43.017] [info] cache remove 170
[2023-10-14 02:13:43.017] [info] cache insert 190
[2023-10-14 02:13:43.017] [info] read page 190 from disk
[2023-10-14 02:13:43.017] [info] cache capacity: 20
[2023-10-14 02:13:43.017] [info] cache remove 171
[2023-10-14 02:13:43.017] [info] cache insert 191
[2023-10-14 02:13:43.017] [info] read page 191 from disk
[2023-10-14 02:13:43.017] [info] cache capacity: 20
[2023-10-14 02:13:43.017] [info] cache remove 172
[2023-10-14 02:13:43.017] [info] cache insert 192
[2023-10-14 02:13:43.017] [info] read page 192 from disk
[2023-10-14 02:13:43.017] [info] cache capacity: 20
[2023-10-14 02:13:43.017] [info] cache remove 173
[2023-10-14 02:13:43.017] [info] cache insert 193
[2023-10-14 02:13:43.017] [info] read page 193 from disk
[2023-10-14 02:13:43.017] [info] cache capacity: 20
[2023-10-14 02:13:43.017] [info] cache remove 174
[2023-10-14 02:13:43.017] [info] cache insert 194
[2023-10-14 02:13:43.017] [info] read page 194 from disk
[2023-10-14 02:13:43.017] [info] cache capacity: 20
[2023-10-14 02:13:43.017] [info] cache remove 175
[2023-10-14 02:13:43.017] [info] cache insert 195
[2023-10-14 02:13:43.017] [info] read page 195 from disk
[2023-10-14 02:13:43.017] [info] cache capacity: 20
[2023-10-14 02:13:43.017] [info] cache remove 176
[2023-10-14 02:13:43.017] [info] cache insert 196
[2023-10-14 02:13:43.017] [info] read page 196 from disk
[2023-10-14 02:13:43.017] [info] cache capacity: 20
[2023-10-14 02:13:43.017] [info] cache remove 177
[2023-10-14 02:13:43.017] [info] cache insert 197
[2023-10-14 02:13:43.017] [info] read page 197 from disk
[2023-10-14 02:13:43.017] [info] cache capacity: 20
[2023-10-14 02:13:43.017] [info] cache remove 178
[2023-10-14 02:13:43.017] [info] cache insert 198
[2023-10-14 02:13:43.017] [info] read page 198 from disk
[2023-10-14 02:13:43.017] [info] cache capacity: 20
[2023-10-14 02:13:43.017] [info] cache remove 179
[2023-10-14 02:13:43.017] [info] cache insert 199
[2023-10-14 02:13:43.017] [info] read page 199 from disk
[2023-10-14 02:13:43.017] [info] cache capacity: 20
[2023-10-14 02:13:43.018] [info] cache remove 180
[2023-10-14 02:13:43.018] [info] cache insert 200
[2023-10-14 02:13:43.018] [info] read page 200 from disk
[2023-10-14 02:13:43.018] [info] cache capacity: 20
[2023-10-14 02:13:43.018] [info] cache remove 181
[2023-10-14 02:13:43.018] [info] cache insert 201
[2023-10-14 02:13:43.018] [info] read page 201 from disk
[2023-10-14 02:13:43.018] [info] cache capacity: 20
[2023-10-14 02:13:43.018] [info] cache remove 182
[2023-10-14 02:13:43.018] [info] cache insert 202
[2023-10-14 02:13:43.018] [info] read page 202 from disk
[2023-10-14 02:13:43.018] [info] cache capacity: 20
[2023-10-14 02:13:43.018] [info] cache remove 183
[2023-10-14 02:13:43.018] [info] cache insert 203
[2023-10-14 02:13:43.018] [info] read page 203 from disk
[2023-10-14 02:13:43.018] [info] cache capacity: 20
[2023-10-14 02:13:43.018] [info] cache remove 184
[2023-10-14 02:13:43.018] [info] cache insert 204
[2023-10-14 02:13:43.018] [info] read page 204 from disk
[2023-10-14 02:13:43.018] [info] cache capacity: 20
[2023-10-14 02:13:43.018] [info] cache remove 185
[2023-10-14 02:13:43.018] [info] cache insert 205
[2023-10-14 02:13:43.018] [info] read page 205 from disk
[2023-10-14 02:13:43.018] [info] cache capacity: 20
[2023-10-14 02:13:43.018] [info] cache remove 186
[2023-10-14 02:13:43.018] [info] cache insert 206
[2023-10-14 02:13:43.018] [info] read page 206 from disk
[2023-10-14 02:13:43.018] [info] cache capacity: 20
[2023-10-14 02:13:43.018] [info] cache remove 187
[2023-10-14 02:13:43.018] [info] cache insert 207
[2023-10-14 02:13:43.018] [info] read page 207 from disk
[2023-10-14 02:13:43.018] [info] cache capacity: 20
[2023-10-14 02:13:43.018] [info] cache remove 188
[2023-10-14 02:13:43.018] [info] cache insert 208
[2023-10-14 02:13:43.018] [info] read page 208 from disk
[2023-10-14 02:13:43.018] [info] cache capacity: 20
[2023-10-14 02:13:43.018] [info] cache remove 189
[2023-10-14 02:13:43.018] [info] cache insert 209
[2023-10-14 02:13:43.018] [info] read page 209 from disk
[2023-10-14 02:13:43.018] [info] cache capacity: 20
[2023-10-14 02:13:43.018] [info] cache remove 190
[2023-10-14 02:13:43.018] [info] cache insert 210
[2023-10-14 02:13:43.018] [info] read page 210 from disk
[2023-10-14 02:13:43.018] [info] cache capacity: 20
[2023-10-14 02:13:43.018] [info] cache remove 191
[2023-10-14 02:13:43.018] [info] cache insert 211
[2023-10-14 02:13:43.019] [info] read page 211 from disk
[2023-10-14 02:13:43.019] [info] cache capacity: 20
[2023-10-14 02:13:43.019] [info] cache remove 192
[2023-10-14 02:13:43.019] [info] cache insert 212
[2023-10-14 02:13:43.019] [info] read page 212 from disk
[2023-10-14 02:13:43.019] [info] cache capacity: 20
[2023-10-14 02:13:43.019] [info] cache remove 193
[2023-10-14 02:13:43.019] [info] cache insert 213
[2023-10-14 02:13:43.019] [info] read page 213 from disk
[2023-10-14 02:13:43.019] [info] cache capacity: 20
[2023-10-14 02:13:43.019] [info] cache remove 194
[2023-10-14 02:13:43.019] [info] cache insert 214
[2023-10-14 02:13:43.019] [info] read page 214 from disk
[2023-10-14 02:13:43.019] [info] cache capacity: 20
[2023-10-14 02:13:43.019] [info] cache remove 195
[2023-10-14 02:13:43.019] [info] cache insert 215
[2023-10-14 02:13:43.019] [info] read page 215 from disk
[2023-10-14 02:13:43.019] [info] cache capacity: 20
[2023-10-14 02:13:43.019] [info] cache remove 196
[2023-10-14 02:13:43.019] [info] cache insert 216
[2023-10-14 02:13:43.019] [info] read page 216 from disk
[2023-10-14 02:13:43.019] [info] cache capacity: 20
[2023-10-14 02:13:43.019] [info] cache remove 197
[2023-10-14 02:13:43.019] [info] cache insert 217
[2023-10-14 02:13:43.019] [info] read page 217 from disk
[2023-10-14 02:13:43.019] [info] cache capacity: 20
[2023-10-14 02:13:43.019] [info] cache remove 198
[2023-10-14 02:13:43.019] [info] cache insert 218
[2023-10-14 02:13:43.019] [info] read page 218 from disk
[2023-10-14 02:13:43.019] [info] cache capacity: 20
[2023-10-14 02:13:43.019] [info] cache remove 199
[2023-10-14 02:13:43.019] [info] cache insert 219
[2023-10-14 02:13:43.019] [info] read page 219 from disk
[2023-10-14 02:13:43.019] [info] cache capacity: 20
[2023-10-14 02:13:43.019] [info] cache remove 200
[2023-10-14 02:13:43.019] [info] cache insert 220
[2023-10-14 02:13:43.019] [info] read page 220 from disk
[2023-10-14 02:13:43.019] [info] cache capacity: 20
[2023-10-14 02:13:43.019] [info] cache remove 201
[2023-10-14 02:13:43.019] [info] cache insert 221
[2023-10-14 02:13:43.019] [info] read page 221 from disk
[2023-10-14 02:13:43.019] [info] cache capacity: 20
[2023-10-14 02:13:43.019] [info] cache remove 202
[2023-10-14 02:13:43.019] [info] cache insert 222
[2023-10-14 02:13:43.019] [info] read page 222 from disk
[2023-10-14 02:13:43.019] [info] cache capacity: 20
[2023-10-14 02:13:43.019] [info] cache remove 203
[2023-10-14 02:13:43.019] [info] cache insert 223
[2023-10-14 02:13:43.019] [info] read page 223 from disk
[2023-10-14 02:13:43.020] [info] cache capacity: 20
[2023-10-14 02:13:43.020] [info] cache remove 204
[2023-10-14 02:13:43.020] [info] cache insert 224
[2023-10-14 02:13:43.020] [info] read page 224 from disk
[2023-10-14 02:13:43.020] [info] cache capacity: 20
[2023-10-14 02:13:43.020] [info] cache remove 205
[2023-10-14 02:13:43.020] [info] cache insert 225
[2023-10-14 02:13:43.020] [info] read page 225 from disk
[2023-10-14 02:13:43.020] [info] cache capacity: 20
[2023-10-14 02:13:43.020] [info] cache remove 206
[2023-10-14 02:13:43.020] [info] cache insert 226
[2023-10-14 02:13:43.020] [info] read page 226 from disk
[2023-10-14 02:13:43.020] [info] cache capacity: 20
[2023-10-14 02:13:43.020] [info] cache remove 207
[2023-10-14 02:13:43.020] [info] cache insert 227
[2023-10-14 02:13:43.020] [info] read page 227 from disk
[2023-10-14 02:13:43.020] [info] cache capacity: 20
[2023-10-14 02:13:43.020] [info] cache remove 208
[2023-10-14 02:13:43.020] [info] cache insert 228
[2023-10-14 02:13:43.020] [info] read page 228 from disk
[2023-10-14 02:13:43.020] [info] cache capacity: 20
[2023-10-14 02:13:43.020] [info] cache remove 209
[2023-10-14 02:13:43.020] [info] cache insert 229
[2023-10-14 02:13:43.020] [info] read page 229 from disk
[2023-10-14 02:13:43.020] [info] cache capacity: 20
[2023-10-14 02:13:43.020] [info] cache remove 210
[2023-10-14 02:13:43.020] [info] cache insert 230
[2023-10-14 02:13:43.020] [info] read page 230 from disk
[2023-10-14 02:13:43.020] [info] cache capacity: 20
[2023-10-14 02:13:43.020] [info] cache remove 211
[2023-10-14 02:13:43.020] [info] cache insert 231
[2023-10-14 02:13:43.020] [info] read page 231 from disk
[2023-10-14 02:13:43.020] [info] cache capacity: 20
[2023-10-14 02:13:43.020] [info] cache remove 212
[2023-10-14 02:13:43.020] [info] cache insert 232
[2023-10-14 02:13:43.020] [info] read page 232 from disk
[2023-10-14 02:13:43.020] [info] cache capacity: 20
[2023-10-14 02:13:43.020] [info] cache remove 213
[2023-10-14 02:13:43.020] [info] cache insert 233
[2023-10-14 02:13:43.020] [info] read page 233 from disk
[2023-10-14 02:13:43.020] [info] cache capacity: 20
[2023-10-14 02:13:43.020] [info] cache remove 214
[2023-10-14 02:13:43.020] [info] cache insert 234
[2023-10-14 02:13:43.020] [info] read page 234 from disk
[2023-10-14 02:13:43.020] [info] cache capacity: 20
[2023-10-14 02:13:43.020] [info] cache remove 215
[2023-10-14 02:13:43.020] [info] cache insert 235
[2023-10-14 02:13:43.020] [info] read page 235 from disk
[2023-10-14 02:13:43.020] [info] cache capacity: 20
[2023-10-14 02:13:43.020] [info] cache remove 216
[2023-10-14 02:13:43.021] [info] cache insert 236
[2023-10-14 02:13:43.021] [info] read page 236 from disk
[2023-10-14 02:13:43.021] [info] cache capacity: 20
[2023-10-14 02:13:43.021] [info] cache remove 217
[2023-10-14 02:13:43.021] [info] cache insert 237
[2023-10-14 02:13:43.021] [info] read page 237 from disk
[2023-10-14 02:13:43.021] [info] cache capacity: 20
[2023-10-14 02:13:43.021] [info] cache remove 218
[2023-10-14 02:13:43.021] [info] cache insert 238
[2023-10-14 02:13:43.021] [info] read page 238 from disk
[2023-10-14 02:13:43.021] [info] cache capacity: 20
[2023-10-14 02:13:43.021] [info] cache remove 219
[2023-10-14 02:13:43.021] [info] cache insert 239
[2023-10-14 02:13:43.021] [info] read page 239 from disk
[2023-10-14 02:13:43.021] [info] cache capacity: 20
[2023-10-14 02:13:43.021] [info] cache remove 220
[2023-10-14 02:13:43.021] [info] cache insert 240
[2023-10-14 02:13:43.021] [info] read page 240 from disk
[2023-10-14 02:13:43.021] [info] cache capacity: 20
[2023-10-14 02:13:43.021] [info] cache remove 221
[2023-10-14 02:13:43.021] [info] cache insert 241
[2023-10-14 02:13:43.021] [info] read page 241 from disk
[2023-10-14 02:13:43.021] [info] cache capacity: 20
[2023-10-14 02:13:43.021] [info] cache remove 222
[2023-10-14 02:13:43.021] [info] cache insert 242
[2023-10-14 02:13:43.021] [info] read page 242 from disk
[2023-10-14 02:13:43.021] [info] cache capacity: 20
[2023-10-14 02:13:43.021] [info] cache remove 223
[2023-10-14 02:13:43.021] [info] cache insert 243
[2023-10-14 02:13:43.021] [info] read page 243 from disk
[2023-10-14 02:13:43.021] [info] cache capacity: 20
[2023-10-14 02:13:43.021] [info] cache remove 224
[2023-10-14 02:13:43.021] [info] cache insert 244
[2023-10-14 02:13:43.021] [info] read page 244 from disk
[2023-10-14 02:13:43.021] [info] cache capacity: 20
[2023-10-14 02:13:43.021] [info] cache remove 225
[2023-10-14 02:13:43.021] [info] cache insert 245
[2023-10-14 02:13:43.021] [info] read page 245 from disk
[2023-10-14 02:13:43.021] [info] cache capacity: 20
[2023-10-14 02:13:43.021] [info] cache remove 226
[2023-10-14 02:13:43.021] [info] cache insert 246
[2023-10-14 02:13:43.021] [info] read page 246 from disk
[2023-10-14 02:13:43.021] [info] cache capacity: 20
[2023-10-14 02:13:43.021] [info] cache remove 227
[2023-10-14 02:13:43.021] [info] cache insert 247
[2023-10-14 02:13:43.021] [info] read page 247 from disk
[2023-10-14 02:13:43.021] [info] cache capacity: 20
[2023-10-14 02:13:43.021] [info] cache remove 228
[2023-10-14 02:13:43.022] [info] cache insert 248
[2023-10-14 02:13:43.022] [info] read page 248 from disk
[2023-10-14 02:13:43.022] [info] cache capacity: 20
[2023-10-14 02:13:43.022] [info] cache remove 229
[2023-10-14 02:13:43.022] [info] cache insert 249
[2023-10-14 02:13:43.022] [info] read page 249 from disk
[2023-10-14 02:13:43.022] [info] cache capacity: 20
[2023-10-14 02:13:43.022] [info] cache remove 230
[2023-10-14 02:13:43.022] [info] cache insert 250
[2023-10-14 02:13:43.022] [info] read page 250 from disk
[2023-10-14 02:13:43.022] [info] cache capacity: 20
[2023-10-14 02:13:43.022] [info] cache remove 231
[2023-10-14 02:13:43.022] [info] cache insert 251
[2023-10-14 02:13:43.022] [info] read page 251 from disk
[2023-10-14 02:13:43.022] [info] cache capacity: 20
[2023-10-14 02:13:43.022] [info] cache remove 232
[2023-10-14 02:13:43.022] [info] cache insert 252
[2023-10-14 02:13:43.022] [info] read page 252 from disk
[2023-10-14 02:13:43.022] [info] cache capacity: 20
[2023-10-14 02:13:43.022] [info] cache remove 233
[2023-10-14 02:13:43.022] [info] cache insert 253
[2023-10-14 02:13:43.022] [info] read page 253 from disk
[2023-10-14 02:13:43.022] [info] cache capacity: 20
[2023-10-14 02:13:43.022] [info] cache remove 234
[2023-10-14 02:13:43.022] [info] cache insert 254
[2023-10-14 02:13:43.022] [info] read page 254 from disk
[2023-10-14 02:13:43.022] [info] cache capacity: 20
[2023-10-14 02:13:43.022] [info] cache remove 235
[2023-10-14 02:13:43.022] [info] cache insert 255
[2023-10-14 02:13:43.022] [info] read page 255 from disk
